@imports_start
player
camera
wall
bg
gun
hud
power_ups
@imports_end
@args_start
@args_end
@properties_start
level_1
4922
3840
@properties_end
@objects_start
bg.bg_back("level/level_1/bg/back/", 1, 0, self.game)

wall.wall(128, 0, "level/level_1/wall/5", self.game)
wall.wall(256, 0, "level/level_1/wall/6", self.game)
wall.wall(0, 128, "level/level_1/wall/4", self.game)
wall.wall(128, 128, "level/level_1/wall/5", self.game)
wall.wall(256, 128, "level/level_1/wall/6", self.game)
wall.wall(0, 256, "level/level_1/wall/4", self.game)
wall.wall(128, 256, "level/level_1/wall/5", self.game)
wall.wall(256, 256, "level/level_1/wall/6", self.game)
wall.wall(0, 384, "level/level_1/wall/4", self.game)
wall.wall(128, 384, "level/level_1/wall/5", self.game)
wall.wall(256, 384, "level/level_1/wall/6", self.game)
wall.wall(0, 512, "level/level_1/wall/4", self.game)
wall.wall(128, 512, "level/level_1/wall/5", self.game)
wall.wall(256, 512, "level/level_1/wall/6", self.game)
wall.wall(0, 640, "level/level_1/wall/4", self.game)
wall.wall(128, 640, "level/level_1/wall/5", self.game)
wall.wall(256, 640, "level/level_1/wall/6", self.game)
wall.wall(0, 768, "level/level_1/wall/4", self.game)
wall.wall(128, 768, "level/level_1/wall/5", self.game)
wall.wall(256, 768, "level/level_1/wall/6", self.game)
wall.wall(0, 896, "level/level_1/wall/4", self.game)
wall.wall(128, 896, "level/level_1/wall/5", self.game)
wall.wall(256, 896, "level/level_1/wall/6", self.game)
wall.wall(0, 1024, "level/level_1/wall/4", self.game)
wall.wall(128, 1024, "level/level_1/wall/5", self.game)
wall.wall(256, 1024, "level/level_1/wall/6", self.game)
wall.wall(0, 1152, "level/level_1/wall/4", self.game)
wall.wall(128, 1152, "level/level_1/wall/5", self.game)
wall.wall(256, 1152, "level/level_1/wall/6", self.game)
wall.wall(0, 1280, "level/level_1/wall/4", self.game)
wall.wall(128, 1280, "level/level_1/wall/5", self.game)
wall.wall(256, 1280, "level/level_1/wall/6", self.game)
wall.wall(0, 1408, "level/level_1/wall/4", self.game)
wall.wall(128, 1408, "level/level_1/wall/5", self.game)
wall.wall(256, 1408, "level/level_1/wall/6", self.game)
wall.wall(0, 1536, "level/level_1/wall/4", self.game)
wall.wall(128, 1536, "level/level_1/wall/5", self.game)
wall.wall(256, 1536, "level/level_1/wall/6", self.game)
wall.wall(0, 1664, "level/level_1/wall/4", self.game)
wall.wall(128, 1664, "level/level_1/wall/5", self.game)
wall.wall(256, 1664, "level/level_1/wall/6", self.game)
wall.wall(0, 1792, "level/level_1/wall/4", self.game)
wall.wall(128, 1792, "level/level_1/wall/5", self.game)
wall.wall(256, 1792, "level/level_1/wall/6", self.game)
wall.wall(0, 1920, "level/level_1/wall/4", self.game)
wall.wall(128, 1920, "level/level_1/wall/5", self.game)
wall.wall(256, 1920, "level/level_1/wall/5", self.game)
wall.wall(384, 1920, "level/level_1/wall/2", self.game)
wall.wall(512, 1920, "level/level_1/wall/2", self.game)
wall.wall(640, 1920, "level/level_1/wall/2", self.game)
wall.wall(768, 1920, "level/level_1/wall/2", self.game)
wall.wall(896, 1920, "level/level_1/wall/2", self.game)
wall.wall(1024, 1920, "level/level_1/wall/2", self.game)
wall.wall(1152, 1920, "level/level_1/wall/2", self.game)
wall.wall(1280, 1920, "level/level_1/wall/3", self.game)
wall.wall(2304, 1920, "level/level_1/wall/1", self.game)
wall.wall(2432, 1920, "level/level_1/wall/2", self.game)
wall.wall(2560, 1920, "level/level_1/wall/2", self.game)
wall.wall(2688, 1920, "level/level_1/wall/2", self.game)
wall.wall(2816, 1920, "level/level_1/wall/2", self.game)
wall.wall(2944, 1920, "level/level_1/wall/2", self.game)
wall.wall(3072, 1920, "level/level_1/wall/2", self.game)
wall.wall(3200, 1920, "level/level_1/wall/2", self.game)
wall.wall(3328, 1920, "level/level_1/wall/2", self.game)
wall.wall(3456, 1920, "level/level_1/wall/2", self.game)
wall.wall(3584, 1920, "level/level_1/wall/2", self.game)
wall.wall(3712, 1920, "level/level_1/wall/3", self.game)
wall.wall(0, 2048, "level/level_1/wall/4", self.game)
wall.wall(128, 2048, "level/level_1/wall/5", self.game)
wall.wall(256, 2048, "level/level_1/wall/5", self.game)
wall.wall(384, 2048, "level/level_1/wall/8", self.game)
wall.wall(512, 2048, "level/level_1/wall/8", self.game)
wall.wall(640, 2048, "level/level_1/wall/8", self.game)
wall.wall(768, 2048, "level/level_1/wall/8", self.game)
wall.wall(896, 2048, "level/level_1/wall/8", self.game)
wall.wall(1024, 2048, "level/level_1/wall/8", self.game)
wall.wall(1152, 2048, "level/level_1/wall/8", self.game)
wall.wall(1280, 2048, "level/level_1/wall/9", self.game)
wall.wall(2304, 2048, "level/level_1/wall/7", self.game)
wall.wall(2432, 2048, "level/level_1/wall/8", self.game)
wall.wall(2560, 2048, "level/level_1/wall/8", self.game)
wall.wall(2688, 2048, "level/level_1/wall/8", self.game)
wall.wall(2816, 2048, "level/level_1/wall/8", self.game)
wall.wall(2944, 2048, "level/level_1/wall/8", self.game)
wall.wall(3072, 2048, "level/level_1/wall/8", self.game)
wall.wall(3200, 2048, "level/level_1/wall/8", self.game)
wall.wall(3328, 2048, "level/level_1/wall/8", self.game)
wall.wall(3456, 2048, "level/level_1/wall/8", self.game)
wall.wall(3584, 2048, "level/level_1/wall/8", self.game)
wall.wall(3712, 2048, "level/level_1/wall/9", self.game)
wall.wall(0, 2176, "level/level_1/wall/4", self.game)
wall.wall(128, 2176, "level/level_1/wall/5", self.game)
wall.wall(256, 2176, "level/level_1/wall/6", self.game)
wall.wall(4096, 2176, "level/level_1/wall/1", self.game)
wall.wall(4224, 2176, "level/level_1/wall/2", self.game)
wall.wall(4352, 2176, "level/level_1/wall/3", self.game)
wall.wall(0, 2304, "level/level_1/wall/4", self.game)
wall.wall(128, 2304, "level/level_1/wall/5", self.game)
wall.wall(256, 2304, "level/level_1/wall/6", self.game)
wall.wall(4096, 2304, "level/level_1/wall/7", self.game)
wall.wall(4224, 2304, "level/level_1/wall/8", self.game)
wall.wall(4352, 2304, "level/level_1/wall/9", self.game)
wall.wall(0, 2432, "level/level_1/wall/4", self.game)
wall.wall(128, 2432, "level/level_1/wall/5", self.game)
wall.wall(256, 2432, "level/level_1/wall/6", self.game)
wall.wall(0, 2560, "level/level_1/wall/1", self.game)
wall.wall(128, 2560, "level/level_1/wall/5", self.game)
wall.wall(256, 2560, "level/level_1/wall/6", self.game)
wall.wall(3712, 2560, "level/level_1/wall/1", self.game)
wall.wall(3840, 2560, "level/level_1/wall/2", self.game)
wall.wall(3968, 2560, "level/level_1/wall/2", self.game)
wall.wall(4096, 2560, "level/level_1/wall/2", self.game)
wall.wall(4224, 2560, "level/level_1/wall/2", self.game)
wall.wall(4352, 2560, "level/level_1/wall/2", self.game)
wall.wall(4480, 2560, "level/level_1/wall/2", self.game)
wall.wall(4608, 2560, "level/level_1/wall/2", self.game)
wall.wall(4736, 2560, "level/level_1/wall/2", self.game)
wall.wall(4864, 2560, "level/level_1/wall/2", self.game)
wall.wall(0, 2688, "level/level_1/wall/5", self.game)
wall.wall(128, 2688, "level/level_1/wall/5", self.game)
wall.wall(256, 2688, "level/level_1/wall/6", self.game)
wall.wall(3712, 2688, "level/level_1/wall/4", self.game)
wall.wall(3840, 2688, "level/level_1/wall/5", self.game)
wall.wall(3968, 2688, "level/level_1/wall/5", self.game)
wall.wall(4096, 2688, "level/level_1/wall/5", self.game)
wall.wall(4224, 2688, "level/level_1/wall/5", self.game)
wall.wall(4352, 2688, "level/level_1/wall/5", self.game)
wall.wall(4480, 2688, "level/level_1/wall/5", self.game)
wall.wall(4608, 2688, "level/level_1/wall/5", self.game)
wall.wall(4736, 2688, "level/level_1/wall/5", self.game)
wall.wall(4864, 2688, "level/level_1/wall/5", self.game)
wall.wall(0, 2816, "level/level_1/wall/5", self.game)
wall.wall(128, 2816, "level/level_1/wall/5", self.game)
wall.wall(256, 2816, "level/level_1/wall/6", self.game)
wall.wall(2944, 2816, "level/level_1/wall/1", self.game)
wall.wall(3072, 2816, "level/level_1/wall/2", self.game)
wall.wall(3200, 2816, "level/level_1/wall/3", self.game)
wall.wall(3712, 2816, "level/level_1/wall/4", self.game)
wall.wall(3840, 2816, "level/level_1/wall/5", self.game)
wall.wall(3968, 2816, "level/level_1/wall/5", self.game)
wall.wall(4096, 2816, "level/level_1/wall/5", self.game)
wall.wall(4224, 2816, "level/level_1/wall/5", self.game)
wall.wall(4352, 2816, "level/level_1/wall/5", self.game)
wall.wall(4480, 2816, "level/level_1/wall/5", self.game)
wall.wall(4608, 2816, "level/level_1/wall/5", self.game)
wall.wall(4736, 2816, "level/level_1/wall/5", self.game)
wall.wall(4864, 2816, "level/level_1/wall/5", self.game)
wall.wall(0, 2944, "level/level_1/wall/5", self.game)
wall.wall(128, 2944, "level/level_1/wall/5", self.game)
wall.wall(256, 2944, "level/level_1/wall/6", self.game)
wall.wall(2688, 2944, "level/level_1/wall/1", self.game)
wall.wall(2816, 2944, "level/level_1/wall/2", self.game)
wall.wall(2944, 2944, "level/level_1/wall/5", self.game)
wall.wall(3072, 2944, "level/level_1/wall/5", self.game)
wall.wall(3200, 2944, "level/level_1/wall/6", self.game)
wall.wall(3712, 2944, "level/level_1/wall/4", self.game)
wall.wall(3840, 2944, "level/level_1/wall/5", self.game)
wall.wall(3968, 2944, "level/level_1/wall/5", self.game)
wall.wall(4096, 2944, "level/level_1/wall/5", self.game)
wall.wall(4224, 2944, "level/level_1/wall/5", self.game)
wall.wall(4352, 2944, "level/level_1/wall/5", self.game)
wall.wall(4480, 2944, "level/level_1/wall/5", self.game)
wall.wall(4608, 2944, "level/level_1/wall/5", self.game)
wall.wall(4736, 2944, "level/level_1/wall/5", self.game)
wall.wall(4864, 2944, "level/level_1/wall/5", self.game)
wall.wall(0, 3072, "level/level_1/wall/5", self.game)
wall.wall(128, 3072, "level/level_1/wall/5", self.game)
wall.wall(256, 3072, "level/level_1/wall/6", self.game)
wall.wall(2432, 3072, "level/level_1/wall/1", self.game)
wall.wall(2560, 3072, "level/level_1/wall/2", self.game)
wall.wall(2688, 3072, "level/level_1/wall/5", self.game)
wall.wall(2816, 3072, "level/level_1/wall/5", self.game)
wall.wall(2944, 3072, "level/level_1/wall/5", self.game)
wall.wall(3072, 3072, "level/level_1/wall/5", self.game)
wall.wall(3200, 3072, "level/level_1/wall/6", self.game)
wall.wall(3712, 3072, "level/level_1/wall/4", self.game)
wall.wall(3840, 3072, "level/level_1/wall/5", self.game)
wall.wall(3968, 3072, "level/level_1/wall/5", self.game)
wall.wall(4096, 3072, "level/level_1/wall/5", self.game)
wall.wall(4224, 3072, "level/level_1/wall/5", self.game)
wall.wall(4352, 3072, "level/level_1/wall/5", self.game)
wall.wall(4480, 3072, "level/level_1/wall/5", self.game)
wall.wall(4608, 3072, "level/level_1/wall/5", self.game)
wall.wall(4736, 3072, "level/level_1/wall/5", self.game)
wall.wall(4864, 3072, "level/level_1/wall/5", self.game)
wall.wall(0, 3200, "level/level_1/wall/5", self.game)
wall.wall(128, 3200, "level/level_1/wall/5", self.game)
wall.wall(256, 3200, "level/level_1/wall/5", self.game)
wall.wall(384, 3200, "level/level_1/wall/2", self.game)
wall.wall(512, 3200, "level/level_1/wall/2", self.game)
wall.wall(640, 3200, "level/level_1/wall/2", self.game)
wall.wall(768, 3200, "level/level_1/wall/3", self.game)
wall.wall(1408, 3200, "level/level_1/wall/1", self.game)
wall.wall(1536, 3200, "level/level_1/wall/2", self.game)
wall.wall(1664, 3200, "level/level_1/wall/3", self.game)
wall.wall(2432, 3200, "level/level_1/wall/4", self.game)
wall.wall(2560, 3200, "level/level_1/wall/5", self.game)
wall.wall(2688, 3200, "level/level_1/wall/5", self.game)
wall.wall(2816, 3200, "level/level_1/wall/5", self.game)
wall.wall(2944, 3200, "level/level_1/wall/5", self.game)
wall.wall(3072, 3200, "level/level_1/wall/5", self.game)
wall.wall(3200, 3200, "level/level_1/wall/6", self.game)
wall.wall(3712, 3200, "level/level_1/wall/4", self.game)
wall.wall(3840, 3200, "level/level_1/wall/5", self.game)
wall.wall(3968, 3200, "level/level_1/wall/5", self.game)
wall.wall(4096, 3200, "level/level_1/wall/5", self.game)
wall.wall(4224, 3200, "level/level_1/wall/5", self.game)
wall.wall(4352, 3200, "level/level_1/wall/5", self.game)
wall.wall(4480, 3200, "level/level_1/wall/5", self.game)
wall.wall(4608, 3200, "level/level_1/wall/5", self.game)
wall.wall(4736, 3200, "level/level_1/wall/5", self.game)
wall.wall(4864, 3200, "level/level_1/wall/5", self.game)
wall.wall(0, 3328, "level/level_1/wall/5", self.game)
wall.wall(128, 3328, "level/level_1/wall/5", self.game)
wall.wall(256, 3328, "level/level_1/wall/5", self.game)
wall.wall(384, 3328, "level/level_1/wall/5", self.game)
wall.wall(512, 3328, "level/level_1/wall/5", self.game)
wall.wall(640, 3328, "level/level_1/wall/5", self.game)
wall.wall(768, 3328, "level/level_1/wall/6", self.game)
wall.wall(1408, 3328, "level/level_1/wall/4", self.game)
wall.wall(1536, 3328, "level/level_1/wall/5", self.game)
wall.wall(1664, 3328, "level/level_1/wall/6", self.game)
wall.wall(2432, 3328, "level/level_1/wall/7", self.game)
wall.wall(2560, 3328, "level/level_1/wall/8", self.game)
wall.wall(2688, 3328, "level/level_1/wall/8", self.game)
wall.wall(2816, 3328, "level/level_1/wall/8", self.game)
wall.wall(2944, 3328, "level/level_1/wall/8", self.game)
wall.wall(3072, 3328, "level/level_1/wall/8", self.game)
wall.wall(3200, 3328, "level/level_1/wall/9", self.game)
wall.wall(3712, 3328, "level/level_1/wall/4", self.game)
wall.wall(3840, 3328, "level/level_1/wall/5", self.game)
wall.wall(3968, 3328, "level/level_1/wall/5", self.game)
wall.wall(4096, 3328, "level/level_1/wall/5", self.game)
wall.wall(4224, 3328, "level/level_1/wall/5", self.game)
wall.wall(4352, 3328, "level/level_1/wall/5", self.game)
wall.wall(4480, 3328, "level/level_1/wall/5", self.game)
wall.wall(4608, 3328, "level/level_1/wall/5", self.game)
wall.wall(4736, 3328, "level/level_1/wall/5", self.game)
wall.wall(4864, 3328, "level/level_1/wall/5", self.game)
wall.wall(0, 3456, "level/level_1/wall/5", self.game)
wall.wall(128, 3456, "level/level_1/wall/5", self.game)
wall.wall(256, 3456, "level/level_1/wall/5", self.game)
wall.wall(384, 3456, "level/level_1/wall/5", self.game)
wall.wall(512, 3456, "level/level_1/wall/5", self.game)
wall.wall(640, 3456, "level/level_1/wall/5", self.game)
wall.wall(768, 3456, "level/level_1/wall/6", self.game)
wall.wall(1408, 3456, "level/level_1/wall/7", self.game)
wall.wall(1536, 3456, "level/level_1/wall/8", self.game)
wall.wall(1664, 3456, "level/level_1/wall/9", self.game)
wall.wall(3712, 3456, "level/level_1/wall/4", self.game)
wall.wall(3840, 3456, "level/level_1/wall/5", self.game)
wall.wall(3968, 3456, "level/level_1/wall/5", self.game)
wall.wall(4096, 3456, "level/level_1/wall/5", self.game)
wall.wall(4224, 3456, "level/level_1/wall/5", self.game)
wall.wall(4352, 3456, "level/level_1/wall/5", self.game)
wall.wall(4480, 3456, "level/level_1/wall/5", self.game)
wall.wall(4608, 3456, "level/level_1/wall/5", self.game)
wall.wall(4736, 3456, "level/level_1/wall/5", self.game)
wall.wall(4864, 3456, "level/level_1/wall/5", self.game)
wall.wall(0, 3584, "level/level_1/wall/5", self.game)
wall.wall(128, 3584, "level/level_1/wall/5", self.game)
wall.wall(256, 3584, "level/level_1/wall/5", self.game)
wall.wall(384, 3584, "level/level_1/wall/5", self.game)
wall.wall(512, 3584, "level/level_1/wall/5", self.game)
wall.wall(640, 3584, "level/level_1/wall/5", self.game)
wall.wall(768, 3584, "level/level_1/wall/6", self.game)
wall.wall(3712, 3584, "level/level_1/wall/4", self.game)
wall.wall(3840, 3584, "level/level_1/wall/5", self.game)
wall.wall(3968, 3584, "level/level_1/wall/5", self.game)
wall.wall(4096, 3584, "level/level_1/wall/5", self.game)
wall.wall(4224, 3584, "level/level_1/wall/5", self.game)
wall.wall(4352, 3584, "level/level_1/wall/5", self.game)
wall.wall(4480, 3584, "level/level_1/wall/5", self.game)
wall.wall(4608, 3584, "level/level_1/wall/5", self.game)
wall.wall(4736, 3584, "level/level_1/wall/5", self.game)
wall.wall(4864, 3584, "level/level_1/wall/5", self.game)
wall.wall(0, 3712, "level/level_1/wall/5", self.game)
wall.wall(128, 3712, "level/level_1/wall/5", self.game)
wall.wall(256, 3712, "level/level_1/wall/5", self.game)
wall.wall(384, 3712, "level/level_1/wall/5", self.game)
wall.wall(512, 3712, "level/level_1/wall/5", self.game)
wall.wall(640, 3712, "level/level_1/wall/5", self.game)
wall.wall(768, 3712, "level/level_1/wall/6", self.game)
wall.wall(3712, 3712, "level/level_1/wall/4", self.game)
wall.wall(3840, 3712, "level/level_1/wall/5", self.game)
wall.wall(3968, 3712, "level/level_1/wall/5", self.game)
wall.wall(4096, 3712, "level/level_1/wall/5", self.game)
wall.wall(4224, 3712, "level/level_1/wall/5", self.game)
wall.wall(4352, 3712, "level/level_1/wall/5", self.game)
wall.wall(4480, 3712, "level/level_1/wall/5", self.game)
wall.wall(4608, 3712, "level/level_1/wall/5", self.game)
wall.wall(4736, 3712, "level/level_1/wall/5", self.game)
wall.wall(4864, 3712, "level/level_1/wall/5", self.game)
wall.wall(0, 3840, "level/level_1/wall/5", self.game)

power_ups.power_fs(500 + 128, 500, "level/level_1/wall/5", self.game)

player.player(500, 500, self.game)
gun.gun(500, 500, self.game)

hud.hud(self.game)

camera.camera(500, 500, "player", 16, self.game)
@objects_end