@imports_start
player
camera
wall
bg
gun
hud
power_ups
enemy
win
@imports_end
@args_start
@args_end
@properties_start
level_1
12800
3840
@properties_end
@objects_start
bg.background("backgrounds/level_1/back/", 58, 12, 1280, 720, self.game)
wall.wall(128, 0, "tiles/wall/5", self.game)
wall.wall(256, 0, "tiles/wall/6", self.game)
wall.wall(7296, 0, "tiles/wall/4", self.game)
wall.wall(7424, 0, "tiles/wall/6", self.game)
wall.wall(12544, 0, "tiles/wall/4", self.game)
wall.wall(12672, 0, "tiles/wall/5", self.game)
wall.wall(0, 128, "tiles/wall/5", self.game)
wall.wall(128, 128, "tiles/wall/5", self.game)
wall.wall(256, 128, "tiles/wall/6", self.game)
wall.wall(7296, 128, "tiles/wall/4", self.game)
wall.wall(7424, 128, "tiles/wall/6", self.game)
wall.wall(12544, 128, "tiles/wall/4", self.game)
wall.wall(12672, 128, "tiles/wall/5", self.game)
wall.wall(0, 256, "tiles/wall/5", self.game)
wall.wall(128, 256, "tiles/wall/5", self.game)
wall.wall(256, 256, "tiles/wall/6", self.game)
wall.wall(7296, 256, "tiles/wall/4", self.game)
wall.wall(7424, 256, "tiles/wall/6", self.game)
wall.wall(12544, 256, "tiles/wall/4", self.game)
wall.wall(12672, 256, "tiles/wall/5", self.game)
wall.wall(0, 384, "tiles/wall/5", self.game)
wall.wall(128, 384, "tiles/wall/5", self.game)
wall.wall(256, 384, "tiles/wall/6", self.game)
wall.wall(7296, 384, "tiles/wall/4", self.game)
wall.wall(7424, 384, "tiles/wall/6", self.game)
wall.wall(12544, 384, "tiles/wall/4", self.game)
wall.wall(12672, 384, "tiles/wall/5", self.game)
wall.wall(0, 512, "tiles/wall/5", self.game)
wall.wall(128, 512, "tiles/wall/5", self.game)
wall.wall(256, 512, "tiles/wall/6", self.game)
wall.wall(7296, 512, "tiles/wall/4", self.game)
wall.wall(7424, 512, "tiles/wall/6", self.game)
wall.wall(12544, 512, "tiles/wall/4", self.game)
wall.wall(12672, 512, "tiles/wall/5", self.game)
wall.wall(0, 640, "tiles/wall/5", self.game)
wall.wall(128, 640, "tiles/wall/5", self.game)
wall.wall(256, 640, "tiles/wall/6", self.game)
wall.wall(7296, 640, "tiles/wall/4", self.game)
wall.wall(7424, 640, "tiles/wall/6", self.game)
wall.wall(12544, 640, "tiles/wall/4", self.game)
wall.wall(12672, 640, "tiles/wall/5", self.game)
wall.wall(0, 768, "tiles/wall/5", self.game)
wall.wall(128, 768, "tiles/wall/5", self.game)
wall.wall(256, 768, "tiles/wall/6", self.game)
wall.wall(7296, 768, "tiles/wall/4", self.game)
wall.wall(7424, 768, "tiles/wall/6", self.game)
wall.wall(12544, 768, "tiles/wall/4", self.game)
wall.wall(12672, 768, "tiles/wall/5", self.game)
wall.wall(0, 896, "tiles/wall/5", self.game)
wall.wall(128, 896, "tiles/wall/5", self.game)
wall.wall(256, 896, "tiles/wall/6", self.game)
wall.wall(7296, 896, "tiles/wall/4", self.game)
wall.wall(7424, 896, "tiles/wall/6", self.game)
wall.wall(12544, 896, "tiles/wall/4", self.game)
wall.wall(12672, 896, "tiles/wall/5", self.game)
wall.wall(0, 1024, "tiles/wall/5", self.game)
wall.wall(128, 1024, "tiles/wall/5", self.game)
wall.wall(256, 1024, "tiles/wall/6", self.game)
wall.wall(7296, 1024, "tiles/wall/4", self.game)
wall.wall(7424, 1024, "tiles/wall/6", self.game)
wall.wall(9472, 1024, "tiles/wall/1", self.game)
wall.wall(9600, 1024, "tiles/wall/2", self.game)
wall.wall(9728, 1024, "tiles/wall/2", self.game)
wall.wall(9856, 1024, "tiles/wall/2", self.game)
wall.wall(9984, 1024, "tiles/wall/2", self.game)
wall.wall(10112, 1024, "tiles/wall/3", self.game)
wall.wall(10752, 1024, "tiles/wall/1", self.game)
wall.wall(10880, 1024, "tiles/wall/2", self.game)
wall.wall(11008, 1024, "tiles/wall/2", self.game)
wall.wall(11136, 1024, "tiles/wall/2", self.game)
wall.wall(11264, 1024, "tiles/wall/2", self.game)
wall.wall(11392, 1024, "tiles/wall/2", self.game)
wall.wall(11520, 1024, "tiles/wall/2", self.game)
wall.wall(11648, 1024, "tiles/wall/3", self.game)
wall.wall(12288, 1024, "tiles/wall/1", self.game)
wall.wall(12416, 1024, "tiles/wall/2", self.game)
wall.wall(12544, 1024, "tiles/wall/5", self.game)
wall.wall(12672, 1024, "tiles/wall/5", self.game)
wall.wall(0, 1152, "tiles/wall/5", self.game)
wall.wall(128, 1152, "tiles/wall/5", self.game)
wall.wall(256, 1152, "tiles/wall/6", self.game)
wall.wall(7296, 1152, "tiles/wall/4", self.game)
wall.wall(7424, 1152, "tiles/wall/6", self.game)
wall.wall(9472, 1152, "tiles/wall/4", self.game)
wall.wall(9600, 1152, "tiles/wall/5", self.game)
wall.wall(9728, 1152, "tiles/wall/5", self.game)
wall.wall(9856, 1152, "tiles/wall/5", self.game)
wall.wall(9984, 1152, "tiles/wall/5", self.game)
wall.wall(10112, 1152, "tiles/wall/6", self.game)
wall.wall(10752, 1152, "tiles/wall/7", self.game)
wall.wall(10880, 1152, "tiles/wall/8", self.game)
wall.wall(11008, 1152, "tiles/wall/8", self.game)
wall.wall(11136, 1152, "tiles/wall/8", self.game)
wall.wall(11264, 1152, "tiles/wall/8", self.game)
wall.wall(11392, 1152, "tiles/wall/8", self.game)
wall.wall(11520, 1152, "tiles/wall/8", self.game)
wall.wall(11648, 1152, "tiles/wall/9", self.game)
wall.wall(12288, 1152, "tiles/wall/7", self.game)
wall.wall(12416, 1152, "tiles/wall/8", self.game)
wall.wall(12544, 1152, "tiles/wall/5", self.game)
wall.wall(12672, 1152, "tiles/wall/5", self.game)
wall.wall(0, 1280, "tiles/wall/5", self.game)
wall.wall(128, 1280, "tiles/wall/5", self.game)
wall.wall(256, 1280, "tiles/wall/6", self.game)
wall.wall(7296, 1280, "tiles/wall/4", self.game)
wall.wall(7424, 1280, "tiles/wall/6", self.game)
wall.wall(9472, 1280, "tiles/wall/4", self.game)
wall.wall(9600, 1280, "tiles/wall/5", self.game)
wall.wall(9728, 1280, "tiles/wall/5", self.game)
wall.wall(9856, 1280, "tiles/wall/5", self.game)
wall.wall(9984, 1280, "tiles/wall/5", self.game)
wall.wall(10112, 1280, "tiles/wall/6", self.game)
wall.wall(12544, 1280, "tiles/wall/4", self.game)
wall.wall(12672, 1280, "tiles/wall/5", self.game)
wall.wall(0, 1408, "tiles/wall/5", self.game)
wall.wall(128, 1408, "tiles/wall/5", self.game)
wall.wall(256, 1408, "tiles/wall/6", self.game)
wall.wall(7296, 1408, "tiles/wall/4", self.game)
wall.wall(7424, 1408, "tiles/wall/6", self.game)
wall.wall(9472, 1408, "tiles/wall/4", self.game)
wall.wall(9600, 1408, "tiles/wall/5", self.game)
wall.wall(9728, 1408, "tiles/wall/5", self.game)
wall.wall(9856, 1408, "tiles/wall/5", self.game)
wall.wall(9984, 1408, "tiles/wall/5", self.game)
wall.wall(10112, 1408, "tiles/wall/6", self.game)
wall.wall(12544, 1408, "tiles/wall/4", self.game)
wall.wall(12672, 1408, "tiles/wall/5", self.game)
wall.wall(0, 1536, "tiles/wall/5", self.game)
wall.wall(128, 1536, "tiles/wall/5", self.game)
wall.wall(256, 1536, "tiles/wall/6", self.game)
wall.wall(7296, 1536, "tiles/wall/4", self.game)
wall.wall(7424, 1536, "tiles/wall/6", self.game)
wall.wall(8064, 1536, "tiles/wall/1", self.game)
wall.wall(8192, 1536, "tiles/wall/2", self.game)
wall.wall(8320, 1536, "tiles/wall/2", self.game)
wall.wall(8448, 1536, "tiles/wall/2", self.game)
wall.wall(8576, 1536, "tiles/wall/2", self.game)
wall.wall(8704, 1536, "tiles/wall/3", self.game)
wall.wall(9472, 1536, "tiles/wall/4", self.game)
wall.wall(9600, 1536, "tiles/wall/5", self.game)
wall.wall(9728, 1536, "tiles/wall/5", self.game)
wall.wall(9856, 1536, "tiles/wall/5", self.game)
wall.wall(9984, 1536, "tiles/wall/5", self.game)
wall.wall(10112, 1536, "tiles/wall/6", self.game)
wall.wall(12544, 1536, "tiles/wall/4", self.game)
wall.wall(12672, 1536, "tiles/wall/5", self.game)
wall.wall(0, 1664, "tiles/wall/5", self.game)
wall.wall(128, 1664, "tiles/wall/5", self.game)
wall.wall(256, 1664, "tiles/wall/6", self.game)
wall.wall(7296, 1664, "tiles/wall/4", self.game)
wall.wall(7424, 1664, "tiles/wall/6", self.game)
wall.wall(8064, 1664, "tiles/wall/4", self.game)
wall.wall(8192, 1664, "tiles/wall/5", self.game)
wall.wall(8320, 1664, "tiles/wall/5", self.game)
wall.wall(8448, 1664, "tiles/wall/5", self.game)
wall.wall(8576, 1664, "tiles/wall/5", self.game)
wall.wall(8704, 1664, "tiles/wall/6", self.game)
wall.wall(9472, 1664, "tiles/wall/7", self.game)
wall.wall(9600, 1664, "tiles/wall/8", self.game)
wall.wall(9728, 1664, "tiles/wall/8", self.game)
wall.wall(9856, 1664, "tiles/wall/8", self.game)
wall.wall(9984, 1664, "tiles/wall/8", self.game)
wall.wall(10112, 1664, "tiles/wall/9", self.game)
wall.wall(12544, 1664, "tiles/wall/4", self.game)
wall.wall(12672, 1664, "tiles/wall/5", self.game)
wall.wall(0, 1792, "tiles/wall/5", self.game)
wall.wall(128, 1792, "tiles/wall/5", self.game)
wall.wall(256, 1792, "tiles/wall/6", self.game)
wall.wall(7296, 1792, "tiles/wall/4", self.game)
wall.wall(7424, 1792, "tiles/wall/6", self.game)
wall.wall(8064, 1792, "tiles/wall/4", self.game)
wall.wall(8192, 1792, "tiles/wall/5", self.game)
wall.wall(8320, 1792, "tiles/wall/5", self.game)
wall.wall(8448, 1792, "tiles/wall/5", self.game)
wall.wall(8576, 1792, "tiles/wall/5", self.game)
wall.wall(8704, 1792, "tiles/wall/6", self.game)
wall.wall(12544, 1792, "tiles/wall/4", self.game)
wall.wall(12672, 1792, "tiles/wall/5", self.game)
wall.wall(0, 1920, "tiles/wall/5", self.game)
wall.wall(128, 1920, "tiles/wall/5", self.game)
wall.wall(256, 1920, "tiles/wall/6", self.game)
wall.wall(7296, 1920, "tiles/wall/4", self.game)
wall.wall(7424, 1920, "tiles/wall/6", self.game)
wall.wall(7936, 1920, "tiles/wall/1", self.game)
wall.wall(8064, 1920, "tiles/wall/5", self.game)
wall.wall(8192, 1920, "tiles/wall/5", self.game)
wall.wall(8320, 1920, "tiles/wall/5", self.game)
wall.wall(8448, 1920, "tiles/wall/5", self.game)
wall.wall(8576, 1920, "tiles/wall/5", self.game)
wall.wall(8704, 1920, "tiles/wall/6", self.game)
wall.wall(12544, 1920, "tiles/wall/4", self.game)
wall.wall(12672, 1920, "tiles/wall/5", self.game)
wall.wall(0, 2048, "tiles/wall/5", self.game)
wall.wall(128, 2048, "tiles/wall/5", self.game)
wall.wall(256, 2048, "tiles/wall/6", self.game)
wall.wall(7296, 2048, "tiles/wall/4", self.game)
wall.wall(7424, 2048, "tiles/wall/6", self.game)
wall.wall(7936, 2048, "tiles/wall/7", self.game)
wall.wall(8064, 2048, "tiles/wall/5", self.game)
wall.wall(8192, 2048, "tiles/wall/5", self.game)
wall.wall(8320, 2048, "tiles/wall/5", self.game)
wall.wall(8448, 2048, "tiles/wall/5", self.game)
wall.wall(8576, 2048, "tiles/wall/5", self.game)
wall.wall(8704, 2048, "tiles/wall/6", self.game)
wall.wall(12544, 2048, "tiles/wall/4", self.game)
wall.wall(12672, 2048, "tiles/wall/5", self.game)
wall.wall(0, 2176, "tiles/wall/5", self.game)
wall.wall(128, 2176, "tiles/wall/5", self.game)
wall.wall(256, 2176, "tiles/wall/6", self.game)
wall.wall(7296, 2176, "tiles/wall/7", self.game)
wall.wall(7424, 2176, "tiles/wall/9", self.game)
wall.wall(8064, 2176, "tiles/wall/4", self.game)
wall.wall(8192, 2176, "tiles/wall/5", self.game)
wall.wall(8320, 2176, "tiles/wall/5", self.game)
wall.wall(8448, 2176, "tiles/wall/5", self.game)
wall.wall(8576, 2176, "tiles/wall/5", self.game)
wall.wall(8704, 2176, "tiles/wall/6", self.game)
wall.wall(12544, 2176, "tiles/wall/4", self.game)
wall.wall(12672, 2176, "tiles/wall/5", self.game)
wall.wall(0, 2304, "tiles/wall/5", self.game)
wall.wall(128, 2304, "tiles/wall/5", self.game)
wall.wall(256, 2304, "tiles/wall/6", self.game)
wall.wall(8064, 2304, "tiles/wall/4", self.game)
wall.wall(8192, 2304, "tiles/wall/5", self.game)
wall.wall(8320, 2304, "tiles/wall/5", self.game)
wall.wall(8448, 2304, "tiles/wall/5", self.game)
wall.wall(8576, 2304, "tiles/wall/5", self.game)
wall.wall(8704, 2304, "tiles/wall/6", self.game)
wall.wall(12544, 2304, "tiles/wall/4", self.game)
wall.wall(12672, 2304, "tiles/wall/5", self.game)
wall.wall(0, 2432, "tiles/wall/5", self.game)
wall.wall(128, 2432, "tiles/wall/5", self.game)
wall.wall(256, 2432, "tiles/wall/6", self.game)
wall.wall(8064, 2432, "tiles/wall/4", self.game)
wall.wall(8192, 2432, "tiles/wall/5", self.game)
wall.wall(8320, 2432, "tiles/wall/5", self.game)
wall.wall(8448, 2432, "tiles/wall/5", self.game)
wall.wall(8576, 2432, "tiles/wall/5", self.game)
wall.wall(8704, 2432, "tiles/wall/6", self.game)
wall.wall(12544, 2432, "tiles/wall/4", self.game)
wall.wall(12672, 2432, "tiles/wall/5", self.game)
wall.wall(0, 2560, "tiles/wall/5", self.game)
wall.wall(128, 2560, "tiles/wall/5", self.game)
wall.wall(256, 2560, "tiles/wall/6", self.game)
wall.wall(8064, 2560, "tiles/wall/4", self.game)
wall.wall(8192, 2560, "tiles/wall/5", self.game)
wall.wall(8320, 2560, "tiles/wall/5", self.game)
wall.wall(8448, 2560, "tiles/wall/5", self.game)
wall.wall(8576, 2560, "tiles/wall/5", self.game)
wall.wall(8704, 2560, "tiles/wall/6", self.game)
wall.wall(12544, 2560, "tiles/wall/4", self.game)
wall.wall(12672, 2560, "tiles/wall/5", self.game)
wall.wall(0, 2688, "tiles/wall/5", self.game)
wall.wall(128, 2688, "tiles/wall/5", self.game)
wall.wall(256, 2688, "tiles/wall/6", self.game)
wall.wall(6912, 2688, "tiles/wall/1", self.game)
wall.wall(7040, 2688, "tiles/wall/3", self.game)
wall.wall(7552, 2688, "tiles/wall/1", self.game)
wall.wall(7680, 2688, "tiles/wall/2", self.game)
wall.wall(7808, 2688, "tiles/wall/2", self.game)
wall.wall(7936, 2688, "tiles/wall/2", self.game)
wall.wall(8064, 2688, "tiles/wall/5", self.game)
wall.wall(8192, 2688, "tiles/wall/5", self.game)
wall.wall(8320, 2688, "tiles/wall/5", self.game)
wall.wall(8448, 2688, "tiles/wall/5", self.game)
wall.wall(8576, 2688, "tiles/wall/5", self.game)
wall.wall(8704, 2688, "tiles/wall/6", self.game)
wall.wall(12544, 2688, "tiles/wall/4", self.game)
wall.wall(12672, 2688, "tiles/wall/5", self.game)
wall.wall(0, 2816, "tiles/wall/5", self.game)
wall.wall(128, 2816, "tiles/wall/5", self.game)
wall.wall(256, 2816, "tiles/wall/6", self.game)
wall.wall(3840, 2816, "tiles/wall/1", self.game)
wall.wall(3968, 2816, "tiles/wall/2", self.game)
wall.wall(4096, 2816, "tiles/wall/2", self.game)
wall.wall(4224, 2816, "tiles/wall/2", self.game)
wall.wall(4352, 2816, "tiles/wall/2", self.game)
wall.wall(4480, 2816, "tiles/wall/2", self.game)
wall.wall(4608, 2816, "tiles/wall/3", self.game)
wall.wall(5504, 2816, "tiles/wall/1", self.game)
wall.wall(5632, 2816, "tiles/wall/2", self.game)
wall.wall(5760, 2816, "tiles/wall/2", self.game)
wall.wall(5888, 2816, "tiles/wall/2", self.game)
wall.wall(6016, 2816, "tiles/wall/3", self.game)
wall.wall(6912, 2816, "tiles/wall/7", self.game)
wall.wall(7040, 2816, "tiles/wall/9", self.game)
wall.wall(7552, 2816, "tiles/wall/4", self.game)
wall.wall(7680, 2816, "tiles/wall/5", self.game)
wall.wall(7808, 2816, "tiles/wall/5", self.game)
wall.wall(7936, 2816, "tiles/wall/5", self.game)
wall.wall(8064, 2816, "tiles/wall/5", self.game)
wall.wall(8192, 2816, "tiles/wall/5", self.game)
wall.wall(8320, 2816, "tiles/wall/5", self.game)
wall.wall(8448, 2816, "tiles/wall/5", self.game)
wall.wall(8576, 2816, "tiles/wall/5", self.game)
wall.wall(8704, 2816, "tiles/wall/6", self.game)
wall.wall(12544, 2816, "tiles/wall/4", self.game)
wall.wall(12672, 2816, "tiles/wall/5", self.game)
wall.wall(0, 2944, "tiles/wall/5", self.game)
wall.wall(128, 2944, "tiles/wall/5", self.game)
wall.wall(256, 2944, "tiles/wall/6", self.game)
wall.wall(3840, 2944, "tiles/wall/4", self.game)
wall.wall(3968, 2944, "tiles/wall/5", self.game)
wall.wall(4096, 2944, "tiles/wall/5", self.game)
wall.wall(4224, 2944, "tiles/wall/5", self.game)
wall.wall(4352, 2944, "tiles/wall/5", self.game)
wall.wall(4480, 2944, "tiles/wall/5", self.game)
wall.wall(4608, 2944, "tiles/wall/6", self.game)
wall.wall(5504, 2944, "tiles/wall/7", self.game)
wall.wall(5632, 2944, "tiles/wall/8", self.game)
wall.wall(5760, 2944, "tiles/wall/8", self.game)
wall.wall(5888, 2944, "tiles/wall/8", self.game)
wall.wall(6016, 2944, "tiles/wall/9", self.game)
wall.wall(7552, 2944, "tiles/wall/4", self.game)
wall.wall(7680, 2944, "tiles/wall/5", self.game)
wall.wall(7808, 2944, "tiles/wall/5", self.game)
wall.wall(7936, 2944, "tiles/wall/5", self.game)
wall.wall(8064, 2944, "tiles/wall/5", self.game)
wall.wall(8192, 2944, "tiles/wall/5", self.game)
wall.wall(8320, 2944, "tiles/wall/5", self.game)
wall.wall(8448, 2944, "tiles/wall/5", self.game)
wall.wall(8576, 2944, "tiles/wall/5", self.game)
wall.wall(8704, 2944, "tiles/wall/6", self.game)
wall.wall(12544, 2944, "tiles/wall/4", self.game)
wall.wall(12672, 2944, "tiles/wall/5", self.game)
wall.wall(0, 3072, "tiles/wall/5", self.game)
wall.wall(128, 3072, "tiles/wall/5", self.game)
wall.wall(256, 3072, "tiles/wall/6", self.game)
wall.wall(3840, 3072, "tiles/wall/4", self.game)
wall.wall(3968, 3072, "tiles/wall/5", self.game)
wall.wall(4096, 3072, "tiles/wall/5", self.game)
wall.wall(4224, 3072, "tiles/wall/5", self.game)
wall.wall(4352, 3072, "tiles/wall/5", self.game)
wall.wall(4480, 3072, "tiles/wall/5", self.game)
wall.wall(4608, 3072, "tiles/wall/6", self.game)
wall.wall(7552, 3072, "tiles/wall/4", self.game)
wall.wall(7680, 3072, "tiles/wall/5", self.game)
wall.wall(7808, 3072, "tiles/wall/5", self.game)
wall.wall(7936, 3072, "tiles/wall/5", self.game)
wall.wall(8064, 3072, "tiles/wall/5", self.game)
wall.wall(8192, 3072, "tiles/wall/5", self.game)
wall.wall(8320, 3072, "tiles/wall/5", self.game)
wall.wall(8448, 3072, "tiles/wall/5", self.game)
wall.wall(8576, 3072, "tiles/wall/5", self.game)
wall.wall(8704, 3072, "tiles/wall/6", self.game)
wall.wall(12544, 3072, "tiles/wall/4", self.game)
wall.wall(12672, 3072, "tiles/wall/5", self.game)
wall.wall(0, 3200, "tiles/wall/5", self.game)
wall.wall(128, 3200, "tiles/wall/5", self.game)
wall.wall(256, 3200, "tiles/wall/6", self.game)
wall.wall(3840, 3200, "tiles/wall/4", self.game)
wall.wall(3968, 3200, "tiles/wall/5", self.game)
wall.wall(4096, 3200, "tiles/wall/5", self.game)
wall.wall(4224, 3200, "tiles/wall/5", self.game)
wall.wall(4352, 3200, "tiles/wall/5", self.game)
wall.wall(4480, 3200, "tiles/wall/5", self.game)
wall.wall(4608, 3200, "tiles/wall/6", self.game)
wall.wall(7552, 3200, "tiles/wall/4", self.game)
wall.wall(7680, 3200, "tiles/wall/5", self.game)
wall.wall(7808, 3200, "tiles/wall/5", self.game)
wall.wall(7936, 3200, "tiles/wall/5", self.game)
wall.wall(8064, 3200, "tiles/wall/5", self.game)
wall.wall(8192, 3200, "tiles/wall/5", self.game)
wall.wall(8320, 3200, "tiles/wall/5", self.game)
wall.wall(8448, 3200, "tiles/wall/5", self.game)
wall.wall(8576, 3200, "tiles/wall/5", self.game)
wall.wall(8704, 3200, "tiles/wall/6", self.game)
wall.wall(12544, 3200, "tiles/wall/4", self.game)
wall.wall(12672, 3200, "tiles/wall/5", self.game)
wall.wall(0, 3328, "tiles/wall/5", self.game)
wall.wall(128, 3328, "tiles/wall/5", self.game)
wall.wall(256, 3328, "tiles/wall/6", self.game)
wall.wall(3840, 3328, "tiles/wall/4", self.game)
wall.wall(3968, 3328, "tiles/wall/5", self.game)
wall.wall(4096, 3328, "tiles/wall/5", self.game)
wall.wall(4224, 3328, "tiles/wall/5", self.game)
wall.wall(4352, 3328, "tiles/wall/5", self.game)
wall.wall(4480, 3328, "tiles/wall/5", self.game)
wall.wall(4608, 3328, "tiles/wall/6", self.game)
wall.wall(7552, 3328, "tiles/wall/4", self.game)
wall.wall(7680, 3328, "tiles/wall/5", self.game)
wall.wall(7808, 3328, "tiles/wall/5", self.game)
wall.wall(7936, 3328, "tiles/wall/5", self.game)
wall.wall(8064, 3328, "tiles/wall/5", self.game)
wall.wall(8192, 3328, "tiles/wall/5", self.game)
wall.wall(8320, 3328, "tiles/wall/5", self.game)
wall.wall(8448, 3328, "tiles/wall/5", self.game)
wall.wall(8576, 3328, "tiles/wall/5", self.game)
wall.wall(8704, 3328, "tiles/wall/6", self.game)
wall.wall(12544, 3328, "tiles/wall/4", self.game)
wall.wall(12672, 3328, "tiles/wall/5", self.game)
wall.wall(0, 3456, "tiles/wall/5", self.game)
wall.wall(128, 3456, "tiles/wall/5", self.game)
wall.wall(256, 3456, "tiles/wall/5", self.game)
wall.wall(384, 3456, "tiles/wall/2", self.game)
wall.wall(512, 3456, "tiles/wall/2", self.game)
wall.wall(640, 3456, "tiles/wall/2", self.game)
wall.wall(768, 3456, "tiles/wall/2", self.game)
wall.wall(896, 3456, "tiles/wall/2", self.game)
wall.wall(1024, 3456, "tiles/wall/3", self.game)
wall.wall(1536, 3456, "tiles/wall/1", self.game)
wall.wall(1664, 3456, "tiles/wall/2", self.game)
wall.wall(1792, 3456, "tiles/wall/2", self.game)
wall.wall(1920, 3456, "tiles/wall/2", self.game)
wall.wall(2048, 3456, "tiles/wall/3", self.game)
wall.wall(2688, 3456, "tiles/wall/1", self.game)
wall.wall(2816, 3456, "tiles/wall/2", self.game)
wall.wall(2944, 3456, "tiles/wall/2", self.game)
wall.wall(3072, 3456, "tiles/wall/2", self.game)
wall.wall(3200, 3456, "tiles/wall/3", self.game)
wall.wall(3840, 3456, "tiles/wall/4", self.game)
wall.wall(3968, 3456, "tiles/wall/5", self.game)
wall.wall(4096, 3456, "tiles/wall/5", self.game)
wall.wall(4224, 3456, "tiles/wall/5", self.game)
wall.wall(4352, 3456, "tiles/wall/5", self.game)
wall.wall(4480, 3456, "tiles/wall/5", self.game)
wall.wall(4608, 3456, "tiles/wall/6", self.game)
wall.wall(7552, 3456, "tiles/wall/4", self.game)
wall.wall(7680, 3456, "tiles/wall/5", self.game)
wall.wall(7808, 3456, "tiles/wall/5", self.game)
wall.wall(7936, 3456, "tiles/wall/5", self.game)
wall.wall(8064, 3456, "tiles/wall/5", self.game)
wall.wall(8192, 3456, "tiles/wall/5", self.game)
wall.wall(8320, 3456, "tiles/wall/5", self.game)
wall.wall(8448, 3456, "tiles/wall/5", self.game)
wall.wall(8576, 3456, "tiles/wall/5", self.game)
wall.wall(8704, 3456, "tiles/wall/6", self.game)
wall.wall(12544, 3456, "tiles/wall/4", self.game)
wall.wall(12672, 3456, "tiles/wall/5", self.game)
wall.wall(0, 3584, "tiles/wall/5", self.game)
wall.wall(128, 3584, "tiles/wall/5", self.game)
wall.wall(256, 3584, "tiles/wall/5", self.game)
wall.wall(384, 3584, "tiles/wall/5", self.game)
wall.wall(512, 3584, "tiles/wall/5", self.game)
wall.wall(640, 3584, "tiles/wall/5", self.game)
wall.wall(768, 3584, "tiles/wall/5", self.game)
wall.wall(896, 3584, "tiles/wall/5", self.game)
wall.wall(1024, 3584, "tiles/wall/6", self.game)
wall.wall(1536, 3584, "tiles/wall/4", self.game)
wall.wall(1664, 3584, "tiles/wall/5", self.game)
wall.wall(1792, 3584, "tiles/wall/5", self.game)
wall.wall(1920, 3584, "tiles/wall/5", self.game)
wall.wall(2048, 3584, "tiles/wall/6", self.game)
wall.wall(2688, 3584, "tiles/wall/4", self.game)
wall.wall(2816, 3584, "tiles/wall/5", self.game)
wall.wall(2944, 3584, "tiles/wall/5", self.game)
wall.wall(3072, 3584, "tiles/wall/5", self.game)
wall.wall(3200, 3584, "tiles/wall/6", self.game)
wall.wall(3840, 3584, "tiles/wall/4", self.game)
wall.wall(3968, 3584, "tiles/wall/5", self.game)
wall.wall(4096, 3584, "tiles/wall/5", self.game)
wall.wall(4224, 3584, "tiles/wall/5", self.game)
wall.wall(4352, 3584, "tiles/wall/5", self.game)
wall.wall(4480, 3584, "tiles/wall/5", self.game)
wall.wall(4608, 3584, "tiles/wall/6", self.game)
wall.wall(7552, 3584, "tiles/wall/4", self.game)
wall.wall(7680, 3584, "tiles/wall/5", self.game)
wall.wall(7808, 3584, "tiles/wall/5", self.game)
wall.wall(7936, 3584, "tiles/wall/5", self.game)
wall.wall(8064, 3584, "tiles/wall/5", self.game)
wall.wall(8192, 3584, "tiles/wall/5", self.game)
wall.wall(8320, 3584, "tiles/wall/5", self.game)
wall.wall(8448, 3584, "tiles/wall/5", self.game)
wall.wall(8576, 3584, "tiles/wall/5", self.game)
wall.wall(8704, 3584, "tiles/wall/6", self.game)
wall.wall(12544, 3584, "tiles/wall/4", self.game)
wall.wall(12672, 3584, "tiles/wall/5", self.game)
wall.wall(0, 3712, "tiles/wall/5", self.game)
wall.wall(128, 3712, "tiles/wall/5", self.game)
wall.wall(256, 3712, "tiles/wall/5", self.game)
wall.wall(384, 3712, "tiles/wall/5", self.game)
wall.wall(512, 3712, "tiles/wall/5", self.game)
wall.wall(640, 3712, "tiles/wall/5", self.game)
wall.wall(768, 3712, "tiles/wall/5", self.game)
wall.wall(896, 3712, "tiles/wall/5", self.game)
wall.wall(1024, 3712, "tiles/wall/6", self.game)
wall.wall(1536, 3712, "tiles/wall/4", self.game)
wall.wall(1664, 3712, "tiles/wall/5", self.game)
wall.wall(1792, 3712, "tiles/wall/5", self.game)
wall.wall(1920, 3712, "tiles/wall/5", self.game)
wall.wall(2048, 3712, "tiles/wall/6", self.game)
wall.wall(2688, 3712, "tiles/wall/4", self.game)
wall.wall(2816, 3712, "tiles/wall/5", self.game)
wall.wall(2944, 3712, "tiles/wall/5", self.game)
wall.wall(3072, 3712, "tiles/wall/5", self.game)
wall.wall(3200, 3712, "tiles/wall/6", self.game)
wall.wall(3840, 3712, "tiles/wall/4", self.game)
wall.wall(3968, 3712, "tiles/wall/5", self.game)
wall.wall(4096, 3712, "tiles/wall/5", self.game)
wall.wall(4224, 3712, "tiles/wall/5", self.game)
wall.wall(4352, 3712, "tiles/wall/5", self.game)
wall.wall(4480, 3712, "tiles/wall/5", self.game)
wall.wall(4608, 3712, "tiles/wall/6", self.game)
wall.wall(7552, 3712, "tiles/wall/4", self.game)
wall.wall(7680, 3712, "tiles/wall/5", self.game)
wall.wall(7808, 3712, "tiles/wall/5", self.game)
wall.wall(7936, 3712, "tiles/wall/5", self.game)
wall.wall(8064, 3712, "tiles/wall/5", self.game)
wall.wall(8192, 3712, "tiles/wall/5", self.game)
wall.wall(8320, 3712, "tiles/wall/5", self.game)
wall.wall(8448, 3712, "tiles/wall/5", self.game)
wall.wall(8576, 3712, "tiles/wall/5", self.game)
wall.wall(8704, 3712, "tiles/wall/6", self.game)
wall.wall(12544, 3712, "tiles/wall/4", self.game)
wall.wall(12672, 3712, "tiles/wall/5", self.game)
wall.wall(0, 3840, "tiles/wall/5", self.game)
power_ups.power_fs(7808,2560, self.game)
enemy.enemy(11008,896, self.game)
enemy.enemy(11392,896, self.game)
enemy.enemy(7040,2560, self.game)
enemy.enemy(5888,2688, self.game)
enemy.enemy(3072,3328, self.game)
win.win(12416,896, "level_2", self.game)
player.player(768,3328, self.game)
gun.gun(896,3328, self.game)
hud.hud("sounds/music/level_1.mp3", self.game)
camera.camera(768,3200,"player", 16, self.game)
@objects_end