@imports_start
player
camera
wall
bg
gun
hud
power_ups
enemy
win
@imports_end
@args_start
@args_end
@properties_start
level_3
25600
3840
@properties_end
@objects_start
bg.background("backgrounds/level_1/back/", 58, 12, 1280, 720, self.game)
wall.wall(128, 0, "tiles/wall/5", self.game)
wall.wall(256, 0, "tiles/wall/5", self.game)
wall.wall(384, 0, "tiles/wall/6", self.game)
wall.wall(3968, 0, "tiles/wall/4", self.game)
wall.wall(4096, 0, "tiles/wall/5", self.game)
wall.wall(4224, 0, "tiles/wall/6", self.game)
wall.wall(14080, 0, "tiles/wall/4", self.game)
wall.wall(14208, 0, "tiles/wall/5", self.game)
wall.wall(14336, 0, "tiles/wall/5", self.game)
wall.wall(14464, 0, "tiles/wall/6", self.game)
wall.wall(25344, 0, "tiles/wall/4", self.game)
wall.wall(25472, 0, "tiles/wall/5", self.game)
wall.wall(0, 128, "tiles/wall/5", self.game)
wall.wall(128, 128, "tiles/wall/5", self.game)
wall.wall(256, 128, "tiles/wall/5", self.game)
wall.wall(384, 128, "tiles/wall/6", self.game)
wall.wall(3968, 128, "tiles/wall/4", self.game)
wall.wall(4096, 128, "tiles/wall/5", self.game)
wall.wall(4224, 128, "tiles/wall/6", self.game)
wall.wall(14080, 128, "tiles/wall/4", self.game)
wall.wall(14208, 128, "tiles/wall/5", self.game)
wall.wall(14336, 128, "tiles/wall/5", self.game)
wall.wall(14464, 128, "tiles/wall/6", self.game)
wall.wall(25344, 128, "tiles/wall/4", self.game)
wall.wall(25472, 128, "tiles/wall/5", self.game)
wall.wall(0, 256, "tiles/wall/5", self.game)
wall.wall(128, 256, "tiles/wall/5", self.game)
wall.wall(256, 256, "tiles/wall/5", self.game)
wall.wall(384, 256, "tiles/wall/6", self.game)
wall.wall(3968, 256, "tiles/wall/4", self.game)
wall.wall(4096, 256, "tiles/wall/5", self.game)
wall.wall(4224, 256, "tiles/wall/6", self.game)
wall.wall(14080, 256, "tiles/wall/4", self.game)
wall.wall(14208, 256, "tiles/wall/5", self.game)
wall.wall(14336, 256, "tiles/wall/5", self.game)
wall.wall(14464, 256, "tiles/wall/6", self.game)
wall.wall(25344, 256, "tiles/wall/4", self.game)
wall.wall(25472, 256, "tiles/wall/5", self.game)
wall.wall(0, 384, "tiles/wall/5", self.game)
wall.wall(128, 384, "tiles/wall/5", self.game)
wall.wall(256, 384, "tiles/wall/5", self.game)
wall.wall(384, 384, "tiles/wall/6", self.game)
wall.wall(3968, 384, "tiles/wall/4", self.game)
wall.wall(4096, 384, "tiles/wall/5", self.game)
wall.wall(4224, 384, "tiles/wall/6", self.game)
wall.wall(14080, 384, "tiles/wall/4", self.game)
wall.wall(14208, 384, "tiles/wall/5", self.game)
wall.wall(14336, 384, "tiles/wall/5", self.game)
wall.wall(14464, 384, "tiles/wall/6", self.game)
wall.wall(25344, 384, "tiles/wall/4", self.game)
wall.wall(25472, 384, "tiles/wall/5", self.game)
wall.wall(0, 512, "tiles/wall/5", self.game)
wall.wall(128, 512, "tiles/wall/5", self.game)
wall.wall(256, 512, "tiles/wall/5", self.game)
wall.wall(384, 512, "tiles/wall/6", self.game)
wall.wall(3968, 512, "tiles/wall/4", self.game)
wall.wall(4096, 512, "tiles/wall/5", self.game)
wall.wall(4224, 512, "tiles/wall/6", self.game)
wall.wall(14080, 512, "tiles/wall/4", self.game)
wall.wall(14208, 512, "tiles/wall/5", self.game)
wall.wall(14336, 512, "tiles/wall/5", self.game)
wall.wall(14464, 512, "tiles/wall/6", self.game)
wall.wall(25344, 512, "tiles/wall/4", self.game)
wall.wall(25472, 512, "tiles/wall/5", self.game)
wall.wall(0, 640, "tiles/wall/5", self.game)
wall.wall(128, 640, "tiles/wall/5", self.game)
wall.wall(256, 640, "tiles/wall/5", self.game)
wall.wall(384, 640, "tiles/wall/6", self.game)
wall.wall(3968, 640, "tiles/wall/4", self.game)
wall.wall(4096, 640, "tiles/wall/5", self.game)
wall.wall(4224, 640, "tiles/wall/6", self.game)
wall.wall(14080, 640, "tiles/wall/4", self.game)
wall.wall(14208, 640, "tiles/wall/5", self.game)
wall.wall(14336, 640, "tiles/wall/5", self.game)
wall.wall(14464, 640, "tiles/wall/6", self.game)
wall.wall(25344, 640, "tiles/wall/4", self.game)
wall.wall(25472, 640, "tiles/wall/5", self.game)
wall.wall(0, 768, "tiles/wall/5", self.game)
wall.wall(128, 768, "tiles/wall/5", self.game)
wall.wall(256, 768, "tiles/wall/5", self.game)
wall.wall(384, 768, "tiles/wall/6", self.game)
wall.wall(3968, 768, "tiles/wall/4", self.game)
wall.wall(4096, 768, "tiles/wall/5", self.game)
wall.wall(4224, 768, "tiles/wall/6", self.game)
wall.wall(14080, 768, "tiles/wall/4", self.game)
wall.wall(14208, 768, "tiles/wall/5", self.game)
wall.wall(14336, 768, "tiles/wall/5", self.game)
wall.wall(14464, 768, "tiles/wall/6", self.game)
wall.wall(25344, 768, "tiles/wall/4", self.game)
wall.wall(25472, 768, "tiles/wall/5", self.game)
wall.wall(0, 896, "tiles/wall/5", self.game)
wall.wall(128, 896, "tiles/wall/5", self.game)
wall.wall(256, 896, "tiles/wall/5", self.game)
wall.wall(384, 896, "tiles/wall/6", self.game)
wall.wall(3968, 896, "tiles/wall/4", self.game)
wall.wall(4096, 896, "tiles/wall/5", self.game)
wall.wall(4224, 896, "tiles/wall/6", self.game)
wall.wall(14080, 896, "tiles/wall/4", self.game)
wall.wall(14208, 896, "tiles/wall/5", self.game)
wall.wall(14336, 896, "tiles/wall/5", self.game)
wall.wall(14464, 896, "tiles/wall/6", self.game)
wall.wall(25344, 896, "tiles/wall/4", self.game)
wall.wall(25472, 896, "tiles/wall/5", self.game)
wall.wall(0, 1024, "tiles/wall/5", self.game)
wall.wall(128, 1024, "tiles/wall/5", self.game)
wall.wall(256, 1024, "tiles/wall/5", self.game)
wall.wall(384, 1024, "tiles/wall/6", self.game)
wall.wall(3968, 1024, "tiles/wall/4", self.game)
wall.wall(4096, 1024, "tiles/wall/5", self.game)
wall.wall(4224, 1024, "tiles/wall/6", self.game)
wall.wall(4992, 1024, "tiles/wall/1", self.game)
wall.wall(5120, 1024, "tiles/wall/2", self.game)
wall.wall(5248, 1024, "tiles/wall/2", self.game)
wall.wall(5376, 1024, "tiles/wall/3", self.game)
wall.wall(14080, 1024, "tiles/wall/4", self.game)
wall.wall(14208, 1024, "tiles/wall/5", self.game)
wall.wall(14336, 1024, "tiles/wall/5", self.game)
wall.wall(14464, 1024, "tiles/wall/6", self.game)
wall.wall(25344, 1024, "tiles/wall/4", self.game)
wall.wall(25472, 1024, "tiles/wall/5", self.game)
wall.wall(0, 1152, "tiles/wall/5", self.game)
wall.wall(128, 1152, "tiles/wall/5", self.game)
wall.wall(256, 1152, "tiles/wall/5", self.game)
wall.wall(384, 1152, "tiles/wall/6", self.game)
wall.wall(3968, 1152, "tiles/wall/4", self.game)
wall.wall(4096, 1152, "tiles/wall/5", self.game)
wall.wall(4224, 1152, "tiles/wall/6", self.game)
wall.wall(4992, 1152, "tiles/wall/4", self.game)
wall.wall(5120, 1152, "tiles/wall/5", self.game)
wall.wall(5248, 1152, "tiles/wall/5", self.game)
wall.wall(5376, 1152, "tiles/wall/6", self.game)
wall.wall(14080, 1152, "tiles/wall/4", self.game)
wall.wall(14208, 1152, "tiles/wall/5", self.game)
wall.wall(14336, 1152, "tiles/wall/5", self.game)
wall.wall(14464, 1152, "tiles/wall/6", self.game)
wall.wall(25344, 1152, "tiles/wall/4", self.game)
wall.wall(25472, 1152, "tiles/wall/5", self.game)
wall.wall(0, 1280, "tiles/wall/5", self.game)
wall.wall(128, 1280, "tiles/wall/5", self.game)
wall.wall(256, 1280, "tiles/wall/5", self.game)
wall.wall(384, 1280, "tiles/wall/6", self.game)
wall.wall(3968, 1280, "tiles/wall/4", self.game)
wall.wall(4096, 1280, "tiles/wall/5", self.game)
wall.wall(4224, 1280, "tiles/wall/6", self.game)
wall.wall(4992, 1280, "tiles/wall/4", self.game)
wall.wall(5120, 1280, "tiles/wall/5", self.game)
wall.wall(5248, 1280, "tiles/wall/5", self.game)
wall.wall(5376, 1280, "tiles/wall/6", self.game)
wall.wall(7424, 1280, "tiles/wall/1", self.game)
wall.wall(7552, 1280, "tiles/wall/2", self.game)
wall.wall(7680, 1280, "tiles/wall/2", self.game)
wall.wall(7808, 1280, "tiles/wall/2", self.game)
wall.wall(7936, 1280, "tiles/wall/3", self.game)
wall.wall(14080, 1280, "tiles/wall/4", self.game)
wall.wall(14208, 1280, "tiles/wall/5", self.game)
wall.wall(14336, 1280, "tiles/wall/5", self.game)
wall.wall(14464, 1280, "tiles/wall/6", self.game)
wall.wall(25344, 1280, "tiles/wall/4", self.game)
wall.wall(25472, 1280, "tiles/wall/5", self.game)
wall.wall(0, 1408, "tiles/wall/5", self.game)
wall.wall(128, 1408, "tiles/wall/5", self.game)
wall.wall(256, 1408, "tiles/wall/5", self.game)
wall.wall(384, 1408, "tiles/wall/6", self.game)
wall.wall(3968, 1408, "tiles/wall/4", self.game)
wall.wall(4096, 1408, "tiles/wall/5", self.game)
wall.wall(4224, 1408, "tiles/wall/6", self.game)
wall.wall(4864, 1408, "tiles/wall/1", self.game)
wall.wall(4992, 1408, "tiles/wall/5", self.game)
wall.wall(5120, 1408, "tiles/wall/5", self.game)
wall.wall(5248, 1408, "tiles/wall/5", self.game)
wall.wall(5376, 1408, "tiles/wall/6", self.game)
wall.wall(5760, 1408, "tiles/wall/1", self.game)
wall.wall(5888, 1408, "tiles/wall/2", self.game)
wall.wall(6016, 1408, "tiles/wall/3", self.game)
wall.wall(7424, 1408, "tiles/wall/7", self.game)
wall.wall(7552, 1408, "tiles/wall/8", self.game)
wall.wall(7680, 1408, "tiles/wall/8", self.game)
wall.wall(7808, 1408, "tiles/wall/8", self.game)
wall.wall(7936, 1408, "tiles/wall/9", self.game)
wall.wall(14080, 1408, "tiles/wall/4", self.game)
wall.wall(14208, 1408, "tiles/wall/5", self.game)
wall.wall(14336, 1408, "tiles/wall/5", self.game)
wall.wall(14464, 1408, "tiles/wall/6", self.game)
wall.wall(22528, 1408, "tiles/wall/1", self.game)
wall.wall(22656, 1408, "tiles/wall/2", self.game)
wall.wall(22784, 1408, "tiles/wall/2", self.game)
wall.wall(22912, 1408, "tiles/wall/2", self.game)
wall.wall(23040, 1408, "tiles/wall/2", self.game)
wall.wall(23168, 1408, "tiles/wall/2", self.game)
wall.wall(23296, 1408, "tiles/wall/2", self.game)
wall.wall(23424, 1408, "tiles/wall/2", self.game)
wall.wall(23552, 1408, "tiles/wall/2", self.game)
wall.wall(23680, 1408, "tiles/wall/2", self.game)
wall.wall(23808, 1408, "tiles/wall/3", self.game)
wall.wall(24192, 1408, "tiles/wall/1", self.game)
wall.wall(24320, 1408, "tiles/wall/2", self.game)
wall.wall(24448, 1408, "tiles/wall/2", self.game)
wall.wall(24576, 1408, "tiles/wall/2", self.game)
wall.wall(24704, 1408, "tiles/wall/2", self.game)
wall.wall(24832, 1408, "tiles/wall/2", self.game)
wall.wall(24960, 1408, "tiles/wall/2", self.game)
wall.wall(25088, 1408, "tiles/wall/2", self.game)
wall.wall(25216, 1408, "tiles/wall/2", self.game)
wall.wall(25344, 1408, "tiles/wall/5", self.game)
wall.wall(25472, 1408, "tiles/wall/5", self.game)
wall.wall(0, 1536, "tiles/wall/5", self.game)
wall.wall(128, 1536, "tiles/wall/5", self.game)
wall.wall(256, 1536, "tiles/wall/5", self.game)
wall.wall(384, 1536, "tiles/wall/6", self.game)
wall.wall(3968, 1536, "tiles/wall/4", self.game)
wall.wall(4096, 1536, "tiles/wall/5", self.game)
wall.wall(4224, 1536, "tiles/wall/6", self.game)
wall.wall(4864, 1536, "tiles/wall/7", self.game)
wall.wall(4992, 1536, "tiles/wall/5", self.game)
wall.wall(5120, 1536, "tiles/wall/5", self.game)
wall.wall(5248, 1536, "tiles/wall/5", self.game)
wall.wall(5376, 1536, "tiles/wall/6", self.game)
wall.wall(5760, 1536, "tiles/wall/7", self.game)
wall.wall(5888, 1536, "tiles/wall/8", self.game)
wall.wall(6016, 1536, "tiles/wall/9", self.game)
wall.wall(6528, 1536, "tiles/wall/1", self.game)
wall.wall(6656, 1536, "tiles/wall/3", self.game)
wall.wall(14080, 1536, "tiles/wall/7", self.game)
wall.wall(14208, 1536, "tiles/wall/8", self.game)
wall.wall(14336, 1536, "tiles/wall/8", self.game)
wall.wall(14464, 1536, "tiles/wall/9", self.game)
wall.wall(22528, 1536, "tiles/wall/4", self.game)
wall.wall(22656, 1536, "tiles/wall/5", self.game)
wall.wall(22784, 1536, "tiles/wall/5", self.game)
wall.wall(22912, 1536, "tiles/wall/5", self.game)
wall.wall(23040, 1536, "tiles/wall/5", self.game)
wall.wall(23168, 1536, "tiles/wall/5", self.game)
wall.wall(23296, 1536, "tiles/wall/5", self.game)
wall.wall(23424, 1536, "tiles/wall/5", self.game)
wall.wall(23552, 1536, "tiles/wall/5", self.game)
wall.wall(23680, 1536, "tiles/wall/5", self.game)
wall.wall(23808, 1536, "tiles/wall/6", self.game)
wall.wall(24192, 1536, "tiles/wall/4", self.game)
wall.wall(24320, 1536, "tiles/wall/5", self.game)
wall.wall(24448, 1536, "tiles/wall/5", self.game)
wall.wall(24576, 1536, "tiles/wall/5", self.game)
wall.wall(24704, 1536, "tiles/wall/5", self.game)
wall.wall(24832, 1536, "tiles/wall/5", self.game)
wall.wall(24960, 1536, "tiles/wall/5", self.game)
wall.wall(25088, 1536, "tiles/wall/5", self.game)
wall.wall(25216, 1536, "tiles/wall/5", self.game)
wall.wall(25344, 1536, "tiles/wall/5", self.game)
wall.wall(25472, 1536, "tiles/wall/5", self.game)
wall.wall(0, 1664, "tiles/wall/5", self.game)
wall.wall(128, 1664, "tiles/wall/5", self.game)
wall.wall(256, 1664, "tiles/wall/5", self.game)
wall.wall(384, 1664, "tiles/wall/6", self.game)
wall.wall(3968, 1664, "tiles/wall/4", self.game)
wall.wall(4096, 1664, "tiles/wall/5", self.game)
wall.wall(4224, 1664, "tiles/wall/6", self.game)
wall.wall(4992, 1664, "tiles/wall/4", self.game)
wall.wall(5120, 1664, "tiles/wall/5", self.game)
wall.wall(5248, 1664, "tiles/wall/5", self.game)
wall.wall(5376, 1664, "tiles/wall/6", self.game)
wall.wall(6528, 1664, "tiles/wall/7", self.game)
wall.wall(6656, 1664, "tiles/wall/9", self.game)
wall.wall(12928, 1664, "tiles/wall/1", self.game)
wall.wall(13056, 1664, "tiles/wall/2", self.game)
wall.wall(13184, 1664, "tiles/wall/2", self.game)
wall.wall(13312, 1664, "tiles/wall/2", self.game)
wall.wall(13440, 1664, "tiles/wall/2", self.game)
wall.wall(13568, 1664, "tiles/wall/3", self.game)
wall.wall(19712, 1664, "tiles/wall/1", self.game)
wall.wall(19840, 1664, "tiles/wall/3", self.game)
wall.wall(22528, 1664, "tiles/wall/4", self.game)
wall.wall(22656, 1664, "tiles/wall/5", self.game)
wall.wall(22784, 1664, "tiles/wall/5", self.game)
wall.wall(22912, 1664, "tiles/wall/5", self.game)
wall.wall(23040, 1664, "tiles/wall/5", self.game)
wall.wall(23168, 1664, "tiles/wall/5", self.game)
wall.wall(23296, 1664, "tiles/wall/5", self.game)
wall.wall(23424, 1664, "tiles/wall/5", self.game)
wall.wall(23552, 1664, "tiles/wall/5", self.game)
wall.wall(23680, 1664, "tiles/wall/5", self.game)
wall.wall(23808, 1664, "tiles/wall/6", self.game)
wall.wall(24192, 1664, "tiles/wall/4", self.game)
wall.wall(24320, 1664, "tiles/wall/5", self.game)
wall.wall(24448, 1664, "tiles/wall/5", self.game)
wall.wall(24576, 1664, "tiles/wall/5", self.game)
wall.wall(24704, 1664, "tiles/wall/5", self.game)
wall.wall(24832, 1664, "tiles/wall/5", self.game)
wall.wall(24960, 1664, "tiles/wall/5", self.game)
wall.wall(25088, 1664, "tiles/wall/5", self.game)
wall.wall(25216, 1664, "tiles/wall/5", self.game)
wall.wall(25344, 1664, "tiles/wall/5", self.game)
wall.wall(25472, 1664, "tiles/wall/5", self.game)
wall.wall(0, 1792, "tiles/wall/5", self.game)
wall.wall(128, 1792, "tiles/wall/5", self.game)
wall.wall(256, 1792, "tiles/wall/5", self.game)
wall.wall(384, 1792, "tiles/wall/6", self.game)
wall.wall(3968, 1792, "tiles/wall/4", self.game)
wall.wall(4096, 1792, "tiles/wall/5", self.game)
wall.wall(4224, 1792, "tiles/wall/5", self.game)
wall.wall(4352, 1792, "tiles/wall/3", self.game)
wall.wall(4992, 1792, "tiles/wall/4", self.game)
wall.wall(5120, 1792, "tiles/wall/5", self.game)
wall.wall(5248, 1792, "tiles/wall/5", self.game)
wall.wall(5376, 1792, "tiles/wall/6", self.game)
wall.wall(8448, 1792, "tiles/wall/1", self.game)
wall.wall(8576, 1792, "tiles/wall/2", self.game)
wall.wall(8704, 1792, "tiles/wall/2", self.game)
wall.wall(8832, 1792, "tiles/wall/2", self.game)
wall.wall(8960, 1792, "tiles/wall/2", self.game)
wall.wall(9088, 1792, "tiles/wall/2", self.game)
wall.wall(9216, 1792, "tiles/wall/2", self.game)
wall.wall(9344, 1792, "tiles/wall/2", self.game)
wall.wall(9472, 1792, "tiles/wall/2", self.game)
wall.wall(9600, 1792, "tiles/wall/2", self.game)
wall.wall(9728, 1792, "tiles/wall/2", self.game)
wall.wall(9856, 1792, "tiles/wall/2", self.game)
wall.wall(9984, 1792, "tiles/wall/2", self.game)
wall.wall(10112, 1792, "tiles/wall/2", self.game)
wall.wall(10240, 1792, "tiles/wall/2", self.game)
wall.wall(10368, 1792, "tiles/wall/2", self.game)
wall.wall(10496, 1792, "tiles/wall/2", self.game)
wall.wall(10624, 1792, "tiles/wall/2", self.game)
wall.wall(10752, 1792, "tiles/wall/2", self.game)
wall.wall(10880, 1792, "tiles/wall/2", self.game)
wall.wall(11008, 1792, "tiles/wall/2", self.game)
wall.wall(11136, 1792, "tiles/wall/2", self.game)
wall.wall(11264, 1792, "tiles/wall/2", self.game)
wall.wall(11392, 1792, "tiles/wall/2", self.game)
wall.wall(11520, 1792, "tiles/wall/2", self.game)
wall.wall(11648, 1792, "tiles/wall/2", self.game)
wall.wall(11776, 1792, "tiles/wall/2", self.game)
wall.wall(11904, 1792, "tiles/wall/2", self.game)
wall.wall(12032, 1792, "tiles/wall/2", self.game)
wall.wall(12160, 1792, "tiles/wall/3", self.game)
wall.wall(12928, 1792, "tiles/wall/7", self.game)
wall.wall(13056, 1792, "tiles/wall/8", self.game)
wall.wall(13184, 1792, "tiles/wall/8", self.game)
wall.wall(13312, 1792, "tiles/wall/8", self.game)
wall.wall(13440, 1792, "tiles/wall/8", self.game)
wall.wall(13568, 1792, "tiles/wall/9", self.game)
wall.wall(19712, 1792, "tiles/wall/4", self.game)
wall.wall(19840, 1792, "tiles/wall/6", self.game)
wall.wall(20736, 1792, "tiles/wall/1", self.game)
wall.wall(20864, 1792, "tiles/wall/2", self.game)
wall.wall(20992, 1792, "tiles/wall/2", self.game)
wall.wall(21120, 1792, "tiles/wall/2", self.game)
wall.wall(21248, 1792, "tiles/wall/2", self.game)
wall.wall(21376, 1792, "tiles/wall/2", self.game)
wall.wall(21504, 1792, "tiles/wall/2", self.game)
wall.wall(21632, 1792, "tiles/wall/2", self.game)
wall.wall(21760, 1792, "tiles/wall/3", self.game)
wall.wall(22528, 1792, "tiles/wall/4", self.game)
wall.wall(22656, 1792, "tiles/wall/5", self.game)
wall.wall(22784, 1792, "tiles/wall/5", self.game)
wall.wall(22912, 1792, "tiles/wall/5", self.game)
wall.wall(23040, 1792, "tiles/wall/5", self.game)
wall.wall(23168, 1792, "tiles/wall/5", self.game)
wall.wall(23296, 1792, "tiles/wall/5", self.game)
wall.wall(23424, 1792, "tiles/wall/5", self.game)
wall.wall(23552, 1792, "tiles/wall/5", self.game)
wall.wall(23680, 1792, "tiles/wall/5", self.game)
wall.wall(23808, 1792, "tiles/wall/6", self.game)
wall.wall(24192, 1792, "tiles/wall/4", self.game)
wall.wall(24320, 1792, "tiles/wall/5", self.game)
wall.wall(24448, 1792, "tiles/wall/5", self.game)
wall.wall(24576, 1792, "tiles/wall/5", self.game)
wall.wall(24704, 1792, "tiles/wall/5", self.game)
wall.wall(24832, 1792, "tiles/wall/5", self.game)
wall.wall(24960, 1792, "tiles/wall/5", self.game)
wall.wall(25088, 1792, "tiles/wall/5", self.game)
wall.wall(25216, 1792, "tiles/wall/5", self.game)
wall.wall(25344, 1792, "tiles/wall/5", self.game)
wall.wall(25472, 1792, "tiles/wall/5", self.game)
wall.wall(0, 1920, "tiles/wall/5", self.game)
wall.wall(128, 1920, "tiles/wall/5", self.game)
wall.wall(256, 1920, "tiles/wall/5", self.game)
wall.wall(384, 1920, "tiles/wall/6", self.game)
wall.wall(3968, 1920, "tiles/wall/4", self.game)
wall.wall(4096, 1920, "tiles/wall/5", self.game)
wall.wall(4224, 1920, "tiles/wall/5", self.game)
wall.wall(4352, 1920, "tiles/wall/9", self.game)
wall.wall(4992, 1920, "tiles/wall/4", self.game)
wall.wall(5120, 1920, "tiles/wall/5", self.game)
wall.wall(5248, 1920, "tiles/wall/5", self.game)
wall.wall(5376, 1920, "tiles/wall/6", self.game)
wall.wall(8448, 1920, "tiles/wall/7", self.game)
wall.wall(8576, 1920, "tiles/wall/8", self.game)
wall.wall(8704, 1920, "tiles/wall/8", self.game)
wall.wall(8832, 1920, "tiles/wall/8", self.game)
wall.wall(8960, 1920, "tiles/wall/8", self.game)
wall.wall(9088, 1920, "tiles/wall/8", self.game)
wall.wall(9216, 1920, "tiles/wall/8", self.game)
wall.wall(9344, 1920, "tiles/wall/8", self.game)
wall.wall(9472, 1920, "tiles/wall/8", self.game)
wall.wall(9600, 1920, "tiles/wall/8", self.game)
wall.wall(9728, 1920, "tiles/wall/8", self.game)
wall.wall(9856, 1920, "tiles/wall/8", self.game)
wall.wall(9984, 1920, "tiles/wall/8", self.game)
wall.wall(10112, 1920, "tiles/wall/8", self.game)
wall.wall(10240, 1920, "tiles/wall/8", self.game)
wall.wall(10368, 1920, "tiles/wall/8", self.game)
wall.wall(10496, 1920, "tiles/wall/8", self.game)
wall.wall(10624, 1920, "tiles/wall/8", self.game)
wall.wall(10752, 1920, "tiles/wall/8", self.game)
wall.wall(10880, 1920, "tiles/wall/8", self.game)
wall.wall(11008, 1920, "tiles/wall/8", self.game)
wall.wall(11136, 1920, "tiles/wall/8", self.game)
wall.wall(11264, 1920, "tiles/wall/8", self.game)
wall.wall(11392, 1920, "tiles/wall/8", self.game)
wall.wall(11520, 1920, "tiles/wall/8", self.game)
wall.wall(11648, 1920, "tiles/wall/8", self.game)
wall.wall(11776, 1920, "tiles/wall/8", self.game)
wall.wall(11904, 1920, "tiles/wall/8", self.game)
wall.wall(12032, 1920, "tiles/wall/8", self.game)
wall.wall(12160, 1920, "tiles/wall/9", self.game)
wall.wall(16000, 1920, "tiles/wall/1", self.game)
wall.wall(16128, 1920, "tiles/wall/2", self.game)
wall.wall(16256, 1920, "tiles/wall/2", self.game)
wall.wall(16384, 1920, "tiles/wall/2", self.game)
wall.wall(16512, 1920, "tiles/wall/2", self.game)
wall.wall(16640, 1920, "tiles/wall/2", self.game)
wall.wall(16768, 1920, "tiles/wall/2", self.game)
wall.wall(16896, 1920, "tiles/wall/2", self.game)
wall.wall(17024, 1920, "tiles/wall/2", self.game)
wall.wall(17152, 1920, "tiles/wall/3", self.game)
wall.wall(19712, 1920, "tiles/wall/4", self.game)
wall.wall(19840, 1920, "tiles/wall/6", self.game)
wall.wall(20736, 1920, "tiles/wall/7", self.game)
wall.wall(20864, 1920, "tiles/wall/8", self.game)
wall.wall(20992, 1920, "tiles/wall/8", self.game)
wall.wall(21120, 1920, "tiles/wall/8", self.game)
wall.wall(21248, 1920, "tiles/wall/8", self.game)
wall.wall(21376, 1920, "tiles/wall/8", self.game)
wall.wall(21504, 1920, "tiles/wall/8", self.game)
wall.wall(21632, 1920, "tiles/wall/8", self.game)
wall.wall(21760, 1920, "tiles/wall/9", self.game)
wall.wall(22528, 1920, "tiles/wall/4", self.game)
wall.wall(22656, 1920, "tiles/wall/5", self.game)
wall.wall(22784, 1920, "tiles/wall/5", self.game)
wall.wall(22912, 1920, "tiles/wall/5", self.game)
wall.wall(23040, 1920, "tiles/wall/5", self.game)
wall.wall(23168, 1920, "tiles/wall/5", self.game)
wall.wall(23296, 1920, "tiles/wall/5", self.game)
wall.wall(23424, 1920, "tiles/wall/5", self.game)
wall.wall(23552, 1920, "tiles/wall/5", self.game)
wall.wall(23680, 1920, "tiles/wall/5", self.game)
wall.wall(23808, 1920, "tiles/wall/6", self.game)
wall.wall(24192, 1920, "tiles/wall/4", self.game)
wall.wall(24320, 1920, "tiles/wall/5", self.game)
wall.wall(24448, 1920, "tiles/wall/5", self.game)
wall.wall(24576, 1920, "tiles/wall/5", self.game)
wall.wall(24704, 1920, "tiles/wall/5", self.game)
wall.wall(24832, 1920, "tiles/wall/5", self.game)
wall.wall(24960, 1920, "tiles/wall/5", self.game)
wall.wall(25088, 1920, "tiles/wall/5", self.game)
wall.wall(25216, 1920, "tiles/wall/5", self.game)
wall.wall(25344, 1920, "tiles/wall/5", self.game)
wall.wall(25472, 1920, "tiles/wall/5", self.game)
wall.wall(0, 2048, "tiles/wall/5", self.game)
wall.wall(128, 2048, "tiles/wall/5", self.game)
wall.wall(256, 2048, "tiles/wall/5", self.game)
wall.wall(384, 2048, "tiles/wall/6", self.game)
wall.wall(3968, 2048, "tiles/wall/4", self.game)
wall.wall(4096, 2048, "tiles/wall/5", self.game)
wall.wall(4224, 2048, "tiles/wall/6", self.game)
wall.wall(4992, 2048, "tiles/wall/4", self.game)
wall.wall(5120, 2048, "tiles/wall/5", self.game)
wall.wall(5248, 2048, "tiles/wall/5", self.game)
wall.wall(5376, 2048, "tiles/wall/6", self.game)
wall.wall(14592, 2048, "tiles/wall/1", self.game)
wall.wall(14720, 2048, "tiles/wall/2", self.game)
wall.wall(14848, 2048, "tiles/wall/2", self.game)
wall.wall(14976, 2048, "tiles/wall/2", self.game)
wall.wall(15104, 2048, "tiles/wall/2", self.game)
wall.wall(15232, 2048, "tiles/wall/3", self.game)
wall.wall(16000, 2048, "tiles/wall/4", self.game)
wall.wall(16128, 2048, "tiles/wall/5", self.game)
wall.wall(16256, 2048, "tiles/wall/5", self.game)
wall.wall(16384, 2048, "tiles/wall/5", self.game)
wall.wall(16512, 2048, "tiles/wall/5", self.game)
wall.wall(16640, 2048, "tiles/wall/5", self.game)
wall.wall(16768, 2048, "tiles/wall/5", self.game)
wall.wall(16896, 2048, "tiles/wall/5", self.game)
wall.wall(17024, 2048, "tiles/wall/5", self.game)
wall.wall(17152, 2048, "tiles/wall/6", self.game)
wall.wall(17536, 2048, "tiles/wall/1", self.game)
wall.wall(17664, 2048, "tiles/wall/3", self.game)
wall.wall(19712, 2048, "tiles/wall/4", self.game)
wall.wall(19840, 2048, "tiles/wall/6", self.game)
wall.wall(22528, 2048, "tiles/wall/7", self.game)
wall.wall(22656, 2048, "tiles/wall/8", self.game)
wall.wall(22784, 2048, "tiles/wall/8", self.game)
wall.wall(22912, 2048, "tiles/wall/8", self.game)
wall.wall(23040, 2048, "tiles/wall/8", self.game)
wall.wall(23168, 2048, "tiles/wall/8", self.game)
wall.wall(23296, 2048, "tiles/wall/8", self.game)
wall.wall(23424, 2048, "tiles/wall/8", self.game)
wall.wall(23552, 2048, "tiles/wall/8", self.game)
wall.wall(23680, 2048, "tiles/wall/8", self.game)
wall.wall(23808, 2048, "tiles/wall/9", self.game)
wall.wall(24192, 2048, "tiles/wall/4", self.game)
wall.wall(24320, 2048, "tiles/wall/5", self.game)
wall.wall(24448, 2048, "tiles/wall/5", self.game)
wall.wall(24576, 2048, "tiles/wall/5", self.game)
wall.wall(24704, 2048, "tiles/wall/5", self.game)
wall.wall(24832, 2048, "tiles/wall/5", self.game)
wall.wall(24960, 2048, "tiles/wall/5", self.game)
wall.wall(25088, 2048, "tiles/wall/5", self.game)
wall.wall(25216, 2048, "tiles/wall/5", self.game)
wall.wall(25344, 2048, "tiles/wall/5", self.game)
wall.wall(25472, 2048, "tiles/wall/5", self.game)
wall.wall(0, 2176, "tiles/wall/5", self.game)
wall.wall(128, 2176, "tiles/wall/5", self.game)
wall.wall(256, 2176, "tiles/wall/5", self.game)
wall.wall(384, 2176, "tiles/wall/6", self.game)
wall.wall(3968, 2176, "tiles/wall/4", self.game)
wall.wall(4096, 2176, "tiles/wall/5", self.game)
wall.wall(4224, 2176, "tiles/wall/6", self.game)
wall.wall(4992, 2176, "tiles/wall/4", self.game)
wall.wall(5120, 2176, "tiles/wall/5", self.game)
wall.wall(5248, 2176, "tiles/wall/5", self.game)
wall.wall(5376, 2176, "tiles/wall/6", self.game)
wall.wall(14592, 2176, "tiles/wall/4", self.game)
wall.wall(14720, 2176, "tiles/wall/5", self.game)
wall.wall(14848, 2176, "tiles/wall/5", self.game)
wall.wall(14976, 2176, "tiles/wall/5", self.game)
wall.wall(15104, 2176, "tiles/wall/5", self.game)
wall.wall(15232, 2176, "tiles/wall/6", self.game)
wall.wall(16000, 2176, "tiles/wall/4", self.game)
wall.wall(16128, 2176, "tiles/wall/5", self.game)
wall.wall(16256, 2176, "tiles/wall/5", self.game)
wall.wall(16384, 2176, "tiles/wall/5", self.game)
wall.wall(16512, 2176, "tiles/wall/5", self.game)
wall.wall(16640, 2176, "tiles/wall/5", self.game)
wall.wall(16768, 2176, "tiles/wall/5", self.game)
wall.wall(16896, 2176, "tiles/wall/5", self.game)
wall.wall(17024, 2176, "tiles/wall/5", self.game)
wall.wall(17152, 2176, "tiles/wall/6", self.game)
wall.wall(17536, 2176, "tiles/wall/7", self.game)
wall.wall(17664, 2176, "tiles/wall/9", self.game)
wall.wall(19712, 2176, "tiles/wall/4", self.game)
wall.wall(19840, 2176, "tiles/wall/6", self.game)
wall.wall(24192, 2176, "tiles/wall/4", self.game)
wall.wall(24320, 2176, "tiles/wall/5", self.game)
wall.wall(24448, 2176, "tiles/wall/5", self.game)
wall.wall(24576, 2176, "tiles/wall/5", self.game)
wall.wall(24704, 2176, "tiles/wall/5", self.game)
wall.wall(24832, 2176, "tiles/wall/5", self.game)
wall.wall(24960, 2176, "tiles/wall/5", self.game)
wall.wall(25088, 2176, "tiles/wall/5", self.game)
wall.wall(25216, 2176, "tiles/wall/5", self.game)
wall.wall(25344, 2176, "tiles/wall/5", self.game)
wall.wall(25472, 2176, "tiles/wall/5", self.game)
wall.wall(0, 2304, "tiles/wall/5", self.game)
wall.wall(128, 2304, "tiles/wall/5", self.game)
wall.wall(256, 2304, "tiles/wall/5", self.game)
wall.wall(384, 2304, "tiles/wall/6", self.game)
wall.wall(3968, 2304, "tiles/wall/4", self.game)
wall.wall(4096, 2304, "tiles/wall/5", self.game)
wall.wall(4224, 2304, "tiles/wall/6", self.game)
wall.wall(4992, 2304, "tiles/wall/4", self.game)
wall.wall(5120, 2304, "tiles/wall/5", self.game)
wall.wall(5248, 2304, "tiles/wall/5", self.game)
wall.wall(5376, 2304, "tiles/wall/6", self.game)
wall.wall(14592, 2304, "tiles/wall/4", self.game)
wall.wall(14720, 2304, "tiles/wall/5", self.game)
wall.wall(14848, 2304, "tiles/wall/5", self.game)
wall.wall(14976, 2304, "tiles/wall/5", self.game)
wall.wall(15104, 2304, "tiles/wall/5", self.game)
wall.wall(15232, 2304, "tiles/wall/6", self.game)
wall.wall(16000, 2304, "tiles/wall/4", self.game)
wall.wall(16128, 2304, "tiles/wall/5", self.game)
wall.wall(16256, 2304, "tiles/wall/5", self.game)
wall.wall(16384, 2304, "tiles/wall/5", self.game)
wall.wall(16512, 2304, "tiles/wall/5", self.game)
wall.wall(16640, 2304, "tiles/wall/5", self.game)
wall.wall(16768, 2304, "tiles/wall/5", self.game)
wall.wall(16896, 2304, "tiles/wall/5", self.game)
wall.wall(17024, 2304, "tiles/wall/5", self.game)
wall.wall(17152, 2304, "tiles/wall/6", self.game)
wall.wall(19712, 2304, "tiles/wall/4", self.game)
wall.wall(19840, 2304, "tiles/wall/6", self.game)
wall.wall(24192, 2304, "tiles/wall/4", self.game)
wall.wall(24320, 2304, "tiles/wall/5", self.game)
wall.wall(24448, 2304, "tiles/wall/5", self.game)
wall.wall(24576, 2304, "tiles/wall/5", self.game)
wall.wall(24704, 2304, "tiles/wall/5", self.game)
wall.wall(24832, 2304, "tiles/wall/5", self.game)
wall.wall(24960, 2304, "tiles/wall/5", self.game)
wall.wall(25088, 2304, "tiles/wall/5", self.game)
wall.wall(25216, 2304, "tiles/wall/5", self.game)
wall.wall(25344, 2304, "tiles/wall/5", self.game)
wall.wall(25472, 2304, "tiles/wall/5", self.game)
wall.wall(0, 2432, "tiles/wall/5", self.game)
wall.wall(128, 2432, "tiles/wall/5", self.game)
wall.wall(256, 2432, "tiles/wall/5", self.game)
wall.wall(384, 2432, "tiles/wall/6", self.game)
wall.wall(3968, 2432, "tiles/wall/4", self.game)
wall.wall(4096, 2432, "tiles/wall/5", self.game)
wall.wall(4224, 2432, "tiles/wall/6", self.game)
wall.wall(4864, 2432, "tiles/wall/1", self.game)
wall.wall(4992, 2432, "tiles/wall/5", self.game)
wall.wall(5120, 2432, "tiles/wall/5", self.game)
wall.wall(5248, 2432, "tiles/wall/5", self.game)
wall.wall(5376, 2432, "tiles/wall/6", self.game)
wall.wall(14592, 2432, "tiles/wall/4", self.game)
wall.wall(14720, 2432, "tiles/wall/5", self.game)
wall.wall(14848, 2432, "tiles/wall/5", self.game)
wall.wall(14976, 2432, "tiles/wall/5", self.game)
wall.wall(15104, 2432, "tiles/wall/5", self.game)
wall.wall(15232, 2432, "tiles/wall/6", self.game)
wall.wall(16000, 2432, "tiles/wall/4", self.game)
wall.wall(16128, 2432, "tiles/wall/5", self.game)
wall.wall(16256, 2432, "tiles/wall/5", self.game)
wall.wall(16384, 2432, "tiles/wall/5", self.game)
wall.wall(16512, 2432, "tiles/wall/5", self.game)
wall.wall(16640, 2432, "tiles/wall/5", self.game)
wall.wall(16768, 2432, "tiles/wall/5", self.game)
wall.wall(16896, 2432, "tiles/wall/5", self.game)
wall.wall(17024, 2432, "tiles/wall/5", self.game)
wall.wall(17152, 2432, "tiles/wall/6", self.game)
wall.wall(18944, 2432, "tiles/wall/1", self.game)
wall.wall(19072, 2432, "tiles/wall/3", self.game)
wall.wall(19712, 2432, "tiles/wall/4", self.game)
wall.wall(19840, 2432, "tiles/wall/6", self.game)
wall.wall(24192, 2432, "tiles/wall/4", self.game)
wall.wall(24320, 2432, "tiles/wall/5", self.game)
wall.wall(24448, 2432, "tiles/wall/5", self.game)
wall.wall(24576, 2432, "tiles/wall/5", self.game)
wall.wall(24704, 2432, "tiles/wall/5", self.game)
wall.wall(24832, 2432, "tiles/wall/5", self.game)
wall.wall(24960, 2432, "tiles/wall/5", self.game)
wall.wall(25088, 2432, "tiles/wall/5", self.game)
wall.wall(25216, 2432, "tiles/wall/5", self.game)
wall.wall(25344, 2432, "tiles/wall/5", self.game)
wall.wall(25472, 2432, "tiles/wall/5", self.game)
wall.wall(0, 2560, "tiles/wall/5", self.game)
wall.wall(128, 2560, "tiles/wall/5", self.game)
wall.wall(256, 2560, "tiles/wall/5", self.game)
wall.wall(384, 2560, "tiles/wall/6", self.game)
wall.wall(3968, 2560, "tiles/wall/4", self.game)
wall.wall(4096, 2560, "tiles/wall/5", self.game)
wall.wall(4224, 2560, "tiles/wall/6", self.game)
wall.wall(4864, 2560, "tiles/wall/7", self.game)
wall.wall(4992, 2560, "tiles/wall/5", self.game)
wall.wall(5120, 2560, "tiles/wall/5", self.game)
wall.wall(5248, 2560, "tiles/wall/5", self.game)
wall.wall(5376, 2560, "tiles/wall/6", self.game)
wall.wall(14592, 2560, "tiles/wall/7", self.game)
wall.wall(14720, 2560, "tiles/wall/8", self.game)
wall.wall(14848, 2560, "tiles/wall/8", self.game)
wall.wall(14976, 2560, "tiles/wall/8", self.game)
wall.wall(15104, 2560, "tiles/wall/8", self.game)
wall.wall(15232, 2560, "tiles/wall/9", self.game)
wall.wall(16000, 2560, "tiles/wall/4", self.game)
wall.wall(16128, 2560, "tiles/wall/5", self.game)
wall.wall(16256, 2560, "tiles/wall/5", self.game)
wall.wall(16384, 2560, "tiles/wall/5", self.game)
wall.wall(16512, 2560, "tiles/wall/5", self.game)
wall.wall(16640, 2560, "tiles/wall/5", self.game)
wall.wall(16768, 2560, "tiles/wall/5", self.game)
wall.wall(16896, 2560, "tiles/wall/5", self.game)
wall.wall(17024, 2560, "tiles/wall/5", self.game)
wall.wall(17152, 2560, "tiles/wall/6", self.game)
wall.wall(18048, 2560, "tiles/wall/1", self.game)
wall.wall(18176, 2560, "tiles/wall/3", self.game)
wall.wall(18944, 2560, "tiles/wall/7", self.game)
wall.wall(19072, 2560, "tiles/wall/9", self.game)
wall.wall(19712, 2560, "tiles/wall/4", self.game)
wall.wall(19840, 2560, "tiles/wall/6", self.game)
wall.wall(24192, 2560, "tiles/wall/4", self.game)
wall.wall(24320, 2560, "tiles/wall/5", self.game)
wall.wall(24448, 2560, "tiles/wall/5", self.game)
wall.wall(24576, 2560, "tiles/wall/5", self.game)
wall.wall(24704, 2560, "tiles/wall/5", self.game)
wall.wall(24832, 2560, "tiles/wall/5", self.game)
wall.wall(24960, 2560, "tiles/wall/5", self.game)
wall.wall(25088, 2560, "tiles/wall/5", self.game)
wall.wall(25216, 2560, "tiles/wall/5", self.game)
wall.wall(25344, 2560, "tiles/wall/5", self.game)
wall.wall(25472, 2560, "tiles/wall/5", self.game)
wall.wall(0, 2688, "tiles/wall/5", self.game)
wall.wall(128, 2688, "tiles/wall/5", self.game)
wall.wall(256, 2688, "tiles/wall/5", self.game)
wall.wall(384, 2688, "tiles/wall/6", self.game)
wall.wall(3968, 2688, "tiles/wall/4", self.game)
wall.wall(4096, 2688, "tiles/wall/5", self.game)
wall.wall(4224, 2688, "tiles/wall/6", self.game)
wall.wall(4992, 2688, "tiles/wall/4", self.game)
wall.wall(5120, 2688, "tiles/wall/5", self.game)
wall.wall(5248, 2688, "tiles/wall/5", self.game)
wall.wall(5376, 2688, "tiles/wall/6", self.game)
wall.wall(16000, 2688, "tiles/wall/4", self.game)
wall.wall(16128, 2688, "tiles/wall/5", self.game)
wall.wall(16256, 2688, "tiles/wall/5", self.game)
wall.wall(16384, 2688, "tiles/wall/5", self.game)
wall.wall(16512, 2688, "tiles/wall/5", self.game)
wall.wall(16640, 2688, "tiles/wall/5", self.game)
wall.wall(16768, 2688, "tiles/wall/5", self.game)
wall.wall(16896, 2688, "tiles/wall/5", self.game)
wall.wall(17024, 2688, "tiles/wall/5", self.game)
wall.wall(17152, 2688, "tiles/wall/6", self.game)
wall.wall(18048, 2688, "tiles/wall/7", self.game)
wall.wall(18176, 2688, "tiles/wall/9", self.game)
wall.wall(19712, 2688, "tiles/wall/7", self.game)
wall.wall(19840, 2688, "tiles/wall/9", self.game)
wall.wall(24192, 2688, "tiles/wall/4", self.game)
wall.wall(24320, 2688, "tiles/wall/5", self.game)
wall.wall(24448, 2688, "tiles/wall/5", self.game)
wall.wall(24576, 2688, "tiles/wall/5", self.game)
wall.wall(24704, 2688, "tiles/wall/5", self.game)
wall.wall(24832, 2688, "tiles/wall/5", self.game)
wall.wall(24960, 2688, "tiles/wall/5", self.game)
wall.wall(25088, 2688, "tiles/wall/5", self.game)
wall.wall(25216, 2688, "tiles/wall/5", self.game)
wall.wall(25344, 2688, "tiles/wall/5", self.game)
wall.wall(25472, 2688, "tiles/wall/5", self.game)
wall.wall(0, 2816, "tiles/wall/5", self.game)
wall.wall(128, 2816, "tiles/wall/5", self.game)
wall.wall(256, 2816, "tiles/wall/5", self.game)
wall.wall(384, 2816, "tiles/wall/6", self.game)
wall.wall(3968, 2816, "tiles/wall/7", self.game)
wall.wall(4096, 2816, "tiles/wall/8", self.game)
wall.wall(4224, 2816, "tiles/wall/9", self.game)
wall.wall(4992, 2816, "tiles/wall/4", self.game)
wall.wall(5120, 2816, "tiles/wall/5", self.game)
wall.wall(5248, 2816, "tiles/wall/5", self.game)
wall.wall(5376, 2816, "tiles/wall/6", self.game)
wall.wall(16000, 2816, "tiles/wall/4", self.game)
wall.wall(16128, 2816, "tiles/wall/5", self.game)
wall.wall(16256, 2816, "tiles/wall/5", self.game)
wall.wall(16384, 2816, "tiles/wall/5", self.game)
wall.wall(16512, 2816, "tiles/wall/5", self.game)
wall.wall(16640, 2816, "tiles/wall/5", self.game)
wall.wall(16768, 2816, "tiles/wall/5", self.game)
wall.wall(16896, 2816, "tiles/wall/5", self.game)
wall.wall(17024, 2816, "tiles/wall/5", self.game)
wall.wall(17152, 2816, "tiles/wall/6", self.game)
wall.wall(24192, 2816, "tiles/wall/4", self.game)
wall.wall(24320, 2816, "tiles/wall/5", self.game)
wall.wall(24448, 2816, "tiles/wall/5", self.game)
wall.wall(24576, 2816, "tiles/wall/5", self.game)
wall.wall(24704, 2816, "tiles/wall/5", self.game)
wall.wall(24832, 2816, "tiles/wall/5", self.game)
wall.wall(24960, 2816, "tiles/wall/5", self.game)
wall.wall(25088, 2816, "tiles/wall/5", self.game)
wall.wall(25216, 2816, "tiles/wall/5", self.game)
wall.wall(25344, 2816, "tiles/wall/5", self.game)
wall.wall(25472, 2816, "tiles/wall/5", self.game)
wall.wall(0, 2944, "tiles/wall/5", self.game)
wall.wall(128, 2944, "tiles/wall/5", self.game)
wall.wall(256, 2944, "tiles/wall/5", self.game)
wall.wall(384, 2944, "tiles/wall/6", self.game)
wall.wall(4992, 2944, "tiles/wall/4", self.game)
wall.wall(5120, 2944, "tiles/wall/5", self.game)
wall.wall(5248, 2944, "tiles/wall/5", self.game)
wall.wall(5376, 2944, "tiles/wall/6", self.game)
wall.wall(16000, 2944, "tiles/wall/4", self.game)
wall.wall(16128, 2944, "tiles/wall/5", self.game)
wall.wall(16256, 2944, "tiles/wall/5", self.game)
wall.wall(16384, 2944, "tiles/wall/5", self.game)
wall.wall(16512, 2944, "tiles/wall/5", self.game)
wall.wall(16640, 2944, "tiles/wall/5", self.game)
wall.wall(16768, 2944, "tiles/wall/5", self.game)
wall.wall(16896, 2944, "tiles/wall/5", self.game)
wall.wall(17024, 2944, "tiles/wall/5", self.game)
wall.wall(17152, 2944, "tiles/wall/6", self.game)
wall.wall(24192, 2944, "tiles/wall/4", self.game)
wall.wall(24320, 2944, "tiles/wall/5", self.game)
wall.wall(24448, 2944, "tiles/wall/5", self.game)
wall.wall(24576, 2944, "tiles/wall/5", self.game)
wall.wall(24704, 2944, "tiles/wall/5", self.game)
wall.wall(24832, 2944, "tiles/wall/5", self.game)
wall.wall(24960, 2944, "tiles/wall/5", self.game)
wall.wall(25088, 2944, "tiles/wall/5", self.game)
wall.wall(25216, 2944, "tiles/wall/5", self.game)
wall.wall(25344, 2944, "tiles/wall/5", self.game)
wall.wall(25472, 2944, "tiles/wall/5", self.game)
wall.wall(0, 3072, "tiles/wall/5", self.game)
wall.wall(128, 3072, "tiles/wall/5", self.game)
wall.wall(256, 3072, "tiles/wall/5", self.game)
wall.wall(384, 3072, "tiles/wall/6", self.game)
wall.wall(4992, 3072, "tiles/wall/4", self.game)
wall.wall(5120, 3072, "tiles/wall/5", self.game)
wall.wall(5248, 3072, "tiles/wall/5", self.game)
wall.wall(5376, 3072, "tiles/wall/6", self.game)
wall.wall(16000, 3072, "tiles/wall/7", self.game)
wall.wall(16128, 3072, "tiles/wall/8", self.game)
wall.wall(16256, 3072, "tiles/wall/8", self.game)
wall.wall(16384, 3072, "tiles/wall/8", self.game)
wall.wall(16512, 3072, "tiles/wall/8", self.game)
wall.wall(16640, 3072, "tiles/wall/8", self.game)
wall.wall(16768, 3072, "tiles/wall/8", self.game)
wall.wall(16896, 3072, "tiles/wall/8", self.game)
wall.wall(17024, 3072, "tiles/wall/8", self.game)
wall.wall(17152, 3072, "tiles/wall/9", self.game)
wall.wall(24192, 3072, "tiles/wall/4", self.game)
wall.wall(24320, 3072, "tiles/wall/5", self.game)
wall.wall(24448, 3072, "tiles/wall/5", self.game)
wall.wall(24576, 3072, "tiles/wall/5", self.game)
wall.wall(24704, 3072, "tiles/wall/5", self.game)
wall.wall(24832, 3072, "tiles/wall/5", self.game)
wall.wall(24960, 3072, "tiles/wall/5", self.game)
wall.wall(25088, 3072, "tiles/wall/5", self.game)
wall.wall(25216, 3072, "tiles/wall/5", self.game)
wall.wall(25344, 3072, "tiles/wall/5", self.game)
wall.wall(25472, 3072, "tiles/wall/5", self.game)
wall.wall(0, 3200, "tiles/wall/5", self.game)
wall.wall(128, 3200, "tiles/wall/5", self.game)
wall.wall(256, 3200, "tiles/wall/5", self.game)
wall.wall(384, 3200, "tiles/wall/6", self.game)
wall.wall(4992, 3200, "tiles/wall/4", self.game)
wall.wall(5120, 3200, "tiles/wall/5", self.game)
wall.wall(5248, 3200, "tiles/wall/5", self.game)
wall.wall(5376, 3200, "tiles/wall/6", self.game)
wall.wall(24192, 3200, "tiles/wall/4", self.game)
wall.wall(24320, 3200, "tiles/wall/5", self.game)
wall.wall(24448, 3200, "tiles/wall/5", self.game)
wall.wall(24576, 3200, "tiles/wall/5", self.game)
wall.wall(24704, 3200, "tiles/wall/5", self.game)
wall.wall(24832, 3200, "tiles/wall/5", self.game)
wall.wall(24960, 3200, "tiles/wall/5", self.game)
wall.wall(25088, 3200, "tiles/wall/5", self.game)
wall.wall(25216, 3200, "tiles/wall/5", self.game)
wall.wall(25344, 3200, "tiles/wall/5", self.game)
wall.wall(25472, 3200, "tiles/wall/5", self.game)
wall.wall(0, 3328, "tiles/wall/5", self.game)
wall.wall(128, 3328, "tiles/wall/5", self.game)
wall.wall(256, 3328, "tiles/wall/5", self.game)
wall.wall(384, 3328, "tiles/wall/5", self.game)
wall.wall(512, 3328, "tiles/wall/2", self.game)
wall.wall(640, 3328, "tiles/wall/2", self.game)
wall.wall(768, 3328, "tiles/wall/2", self.game)
wall.wall(896, 3328, "tiles/wall/2", self.game)
wall.wall(1024, 3328, "tiles/wall/2", self.game)
wall.wall(1152, 3328, "tiles/wall/2", self.game)
wall.wall(1280, 3328, "tiles/wall/2", self.game)
wall.wall(1408, 3328, "tiles/wall/2", self.game)
wall.wall(1536, 3328, "tiles/wall/2", self.game)
wall.wall(1664, 3328, "tiles/wall/2", self.game)
wall.wall(1792, 3328, "tiles/wall/2", self.game)
wall.wall(1920, 3328, "tiles/wall/2", self.game)
wall.wall(2048, 3328, "tiles/wall/2", self.game)
wall.wall(2176, 3328, "tiles/wall/2", self.game)
wall.wall(2304, 3328, "tiles/wall/3", self.game)
wall.wall(2816, 3328, "tiles/wall/1", self.game)
wall.wall(2944, 3328, "tiles/wall/2", self.game)
wall.wall(3072, 3328, "tiles/wall/2", self.game)
wall.wall(3200, 3328, "tiles/wall/2", self.game)
wall.wall(3328, 3328, "tiles/wall/2", self.game)
wall.wall(3456, 3328, "tiles/wall/2", self.game)
wall.wall(3584, 3328, "tiles/wall/2", self.game)
wall.wall(3712, 3328, "tiles/wall/2", self.game)
wall.wall(3840, 3328, "tiles/wall/2", self.game)
wall.wall(3968, 3328, "tiles/wall/2", self.game)
wall.wall(4096, 3328, "tiles/wall/2", self.game)
wall.wall(4224, 3328, "tiles/wall/3", self.game)
wall.wall(4992, 3328, "tiles/wall/4", self.game)
wall.wall(5120, 3328, "tiles/wall/5", self.game)
wall.wall(5248, 3328, "tiles/wall/5", self.game)
wall.wall(5376, 3328, "tiles/wall/6", self.game)
wall.wall(24192, 3328, "tiles/wall/4", self.game)
wall.wall(24320, 3328, "tiles/wall/5", self.game)
wall.wall(24448, 3328, "tiles/wall/5", self.game)
wall.wall(24576, 3328, "tiles/wall/5", self.game)
wall.wall(24704, 3328, "tiles/wall/5", self.game)
wall.wall(24832, 3328, "tiles/wall/5", self.game)
wall.wall(24960, 3328, "tiles/wall/5", self.game)
wall.wall(25088, 3328, "tiles/wall/5", self.game)
wall.wall(25216, 3328, "tiles/wall/5", self.game)
wall.wall(25344, 3328, "tiles/wall/5", self.game)
wall.wall(25472, 3328, "tiles/wall/5", self.game)
wall.wall(0, 3456, "tiles/wall/5", self.game)
wall.wall(128, 3456, "tiles/wall/5", self.game)
wall.wall(256, 3456, "tiles/wall/5", self.game)
wall.wall(384, 3456, "tiles/wall/5", self.game)
wall.wall(512, 3456, "tiles/wall/5", self.game)
wall.wall(640, 3456, "tiles/wall/5", self.game)
wall.wall(768, 3456, "tiles/wall/5", self.game)
wall.wall(896, 3456, "tiles/wall/5", self.game)
wall.wall(1024, 3456, "tiles/wall/5", self.game)
wall.wall(1152, 3456, "tiles/wall/5", self.game)
wall.wall(1280, 3456, "tiles/wall/5", self.game)
wall.wall(1408, 3456, "tiles/wall/5", self.game)
wall.wall(1536, 3456, "tiles/wall/5", self.game)
wall.wall(1664, 3456, "tiles/wall/5", self.game)
wall.wall(1792, 3456, "tiles/wall/5", self.game)
wall.wall(1920, 3456, "tiles/wall/5", self.game)
wall.wall(2048, 3456, "tiles/wall/5", self.game)
wall.wall(2176, 3456, "tiles/wall/5", self.game)
wall.wall(2304, 3456, "tiles/wall/6", self.game)
wall.wall(2816, 3456, "tiles/wall/4", self.game)
wall.wall(2944, 3456, "tiles/wall/5", self.game)
wall.wall(3072, 3456, "tiles/wall/5", self.game)
wall.wall(3200, 3456, "tiles/wall/5", self.game)
wall.wall(3328, 3456, "tiles/wall/5", self.game)
wall.wall(3456, 3456, "tiles/wall/5", self.game)
wall.wall(3584, 3456, "tiles/wall/5", self.game)
wall.wall(3712, 3456, "tiles/wall/5", self.game)
wall.wall(3840, 3456, "tiles/wall/5", self.game)
wall.wall(3968, 3456, "tiles/wall/5", self.game)
wall.wall(4096, 3456, "tiles/wall/5", self.game)
wall.wall(4224, 3456, "tiles/wall/6", self.game)
wall.wall(4992, 3456, "tiles/wall/4", self.game)
wall.wall(5120, 3456, "tiles/wall/5", self.game)
wall.wall(5248, 3456, "tiles/wall/5", self.game)
wall.wall(5376, 3456, "tiles/wall/6", self.game)
wall.wall(24192, 3456, "tiles/wall/4", self.game)
wall.wall(24320, 3456, "tiles/wall/5", self.game)
wall.wall(24448, 3456, "tiles/wall/5", self.game)
wall.wall(24576, 3456, "tiles/wall/5", self.game)
wall.wall(24704, 3456, "tiles/wall/5", self.game)
wall.wall(24832, 3456, "tiles/wall/5", self.game)
wall.wall(24960, 3456, "tiles/wall/5", self.game)
wall.wall(25088, 3456, "tiles/wall/5", self.game)
wall.wall(25216, 3456, "tiles/wall/5", self.game)
wall.wall(25344, 3456, "tiles/wall/5", self.game)
wall.wall(25472, 3456, "tiles/wall/5", self.game)
wall.wall(0, 3584, "tiles/wall/5", self.game)
wall.wall(128, 3584, "tiles/wall/5", self.game)
wall.wall(256, 3584, "tiles/wall/5", self.game)
wall.wall(384, 3584, "tiles/wall/5", self.game)
wall.wall(512, 3584, "tiles/wall/5", self.game)
wall.wall(640, 3584, "tiles/wall/5", self.game)
wall.wall(768, 3584, "tiles/wall/5", self.game)
wall.wall(896, 3584, "tiles/wall/5", self.game)
wall.wall(1024, 3584, "tiles/wall/5", self.game)
wall.wall(1152, 3584, "tiles/wall/5", self.game)
wall.wall(1280, 3584, "tiles/wall/5", self.game)
wall.wall(1408, 3584, "tiles/wall/5", self.game)
wall.wall(1536, 3584, "tiles/wall/5", self.game)
wall.wall(1664, 3584, "tiles/wall/5", self.game)
wall.wall(1792, 3584, "tiles/wall/5", self.game)
wall.wall(1920, 3584, "tiles/wall/5", self.game)
wall.wall(2048, 3584, "tiles/wall/5", self.game)
wall.wall(2176, 3584, "tiles/wall/5", self.game)
wall.wall(2304, 3584, "tiles/wall/6", self.game)
wall.wall(2816, 3584, "tiles/wall/4", self.game)
wall.wall(2944, 3584, "tiles/wall/5", self.game)
wall.wall(3072, 3584, "tiles/wall/5", self.game)
wall.wall(3200, 3584, "tiles/wall/5", self.game)
wall.wall(3328, 3584, "tiles/wall/5", self.game)
wall.wall(3456, 3584, "tiles/wall/5", self.game)
wall.wall(3584, 3584, "tiles/wall/5", self.game)
wall.wall(3712, 3584, "tiles/wall/5", self.game)
wall.wall(3840, 3584, "tiles/wall/5", self.game)
wall.wall(3968, 3584, "tiles/wall/5", self.game)
wall.wall(4096, 3584, "tiles/wall/5", self.game)
wall.wall(4224, 3584, "tiles/wall/6", self.game)
wall.wall(4992, 3584, "tiles/wall/4", self.game)
wall.wall(5120, 3584, "tiles/wall/5", self.game)
wall.wall(5248, 3584, "tiles/wall/5", self.game)
wall.wall(5376, 3584, "tiles/wall/6", self.game)
wall.wall(24192, 3584, "tiles/wall/4", self.game)
wall.wall(24320, 3584, "tiles/wall/5", self.game)
wall.wall(24448, 3584, "tiles/wall/5", self.game)
wall.wall(24576, 3584, "tiles/wall/5", self.game)
wall.wall(24704, 3584, "tiles/wall/5", self.game)
wall.wall(24832, 3584, "tiles/wall/5", self.game)
wall.wall(24960, 3584, "tiles/wall/5", self.game)
wall.wall(25088, 3584, "tiles/wall/5", self.game)
wall.wall(25216, 3584, "tiles/wall/5", self.game)
wall.wall(25344, 3584, "tiles/wall/5", self.game)
wall.wall(25472, 3584, "tiles/wall/5", self.game)
wall.wall(0, 3712, "tiles/wall/5", self.game)
wall.wall(128, 3712, "tiles/wall/5", self.game)
wall.wall(256, 3712, "tiles/wall/5", self.game)
wall.wall(384, 3712, "tiles/wall/5", self.game)
wall.wall(512, 3712, "tiles/wall/5", self.game)
wall.wall(640, 3712, "tiles/wall/5", self.game)
wall.wall(768, 3712, "tiles/wall/5", self.game)
wall.wall(896, 3712, "tiles/wall/5", self.game)
wall.wall(1024, 3712, "tiles/wall/5", self.game)
wall.wall(1152, 3712, "tiles/wall/5", self.game)
wall.wall(1280, 3712, "tiles/wall/5", self.game)
wall.wall(1408, 3712, "tiles/wall/5", self.game)
wall.wall(1536, 3712, "tiles/wall/5", self.game)
wall.wall(1664, 3712, "tiles/wall/5", self.game)
wall.wall(1792, 3712, "tiles/wall/5", self.game)
wall.wall(1920, 3712, "tiles/wall/5", self.game)
wall.wall(2048, 3712, "tiles/wall/5", self.game)
wall.wall(2176, 3712, "tiles/wall/5", self.game)
wall.wall(2304, 3712, "tiles/wall/6", self.game)
wall.wall(2816, 3712, "tiles/wall/4", self.game)
wall.wall(2944, 3712, "tiles/wall/5", self.game)
wall.wall(3072, 3712, "tiles/wall/5", self.game)
wall.wall(3200, 3712, "tiles/wall/5", self.game)
wall.wall(3328, 3712, "tiles/wall/5", self.game)
wall.wall(3456, 3712, "tiles/wall/5", self.game)
wall.wall(3584, 3712, "tiles/wall/5", self.game)
wall.wall(3712, 3712, "tiles/wall/5", self.game)
wall.wall(3840, 3712, "tiles/wall/5", self.game)
wall.wall(3968, 3712, "tiles/wall/5", self.game)
wall.wall(4096, 3712, "tiles/wall/5", self.game)
wall.wall(4224, 3712, "tiles/wall/6", self.game)
wall.wall(4992, 3712, "tiles/wall/4", self.game)
wall.wall(5120, 3712, "tiles/wall/5", self.game)
wall.wall(5248, 3712, "tiles/wall/5", self.game)
wall.wall(5376, 3712, "tiles/wall/6", self.game)
wall.wall(24192, 3712, "tiles/wall/4", self.game)
wall.wall(24320, 3712, "tiles/wall/5", self.game)
wall.wall(24448, 3712, "tiles/wall/5", self.game)
wall.wall(24576, 3712, "tiles/wall/5", self.game)
wall.wall(24704, 3712, "tiles/wall/5", self.game)
wall.wall(24832, 3712, "tiles/wall/5", self.game)
wall.wall(24960, 3712, "tiles/wall/5", self.game)
wall.wall(25088, 3712, "tiles/wall/5", self.game)
wall.wall(25216, 3712, "tiles/wall/5", self.game)
wall.wall(25344, 3712, "tiles/wall/5", self.game)
wall.wall(25472, 3712, "tiles/wall/5", self.game)
wall.wall(0, 3840, "tiles/wall/5", self.game)
power_ups.power_fr(1536,3200, self.game)
power_ups.power_mwj(1792,3200, self.game)
power_ups.power_fs(2048,3200, self.game)
enemy.enemy(7552,1152, self.game)
enemy.enemy(5888,1280, self.game)
enemy.enemy(22784,1280, self.game)
enemy.enemy(23168,1280, self.game)
enemy.enemy(23552,1280, self.game)
enemy.enemy(24320,1280, self.game)
enemy.enemy(24704,1280, self.game)
enemy.enemy(25088,1280, self.game)
enemy.enemy(13184,1536, self.game)
enemy.enemy(9216,1664, self.game)
enemy.enemy(9728,1664, self.game)
enemy.enemy(10240,1664, self.game)
enemy.enemy(10752,1664, self.game)
enemy.enemy(11264,1664, self.game)
enemy.enemy(21120,1664, self.game)
enemy.enemy(21504,1664, self.game)
enemy.enemy(16256,1792, self.game)
enemy.enemy(16896,1792, self.game)
enemy.enemy(19072,2304, self.game)
enemy.enemy(3072,3200, self.game)
enemy.enemy(3584,3200, self.game)
enemy.enemy(4096,3200, self.game)
win.win(25216,1280, "done", self.game)
player.player(896,3200, self.game)
gun.gun(1024,3200, self.game)
hud.hud("sounds/music/level_3.mp3", self.game)
camera.camera(768,3072,"player", 16, self.game)
@objects_end