@imports_start
player
camera
wall
bg
gun
hud
power_ups
enemy
win
@imports_end
@args_start
@args_end
@properties_start
level_2
3840
6400
@properties_end
@objects_start
bg.background("backgrounds/level_1/back/", 58, 12, 1280, 720, self.game)
wall.wall(1280, 1024, "tiles/wall/5", self.game)
wall.wall(1408, 1024, "tiles/wall/5", self.game)
wall.wall(1536, 1024, "tiles/wall/5", self.game)
wall.wall(1280, 1152, "tiles/wall/5", self.game)
wall.wall(1408, 1152, "tiles/wall/5", self.game)
wall.wall(1536, 1152, "tiles/wall/5", self.game)
wall.wall(1920, 1152, "tiles/wall/5", self.game)
wall.wall(2432, 1152, "tiles/wall/5", self.game)
wall.wall(2944, 1152, "tiles/wall/5", self.game)
wall.wall(3456, 1152, "tiles/wall/5", self.game)
wall.wall(3712, 1280, "tiles/wall/5", self.game)
wall.wall(3712, 1408, "tiles/wall/5", self.game)
wall.wall(3712, 1536, "tiles/wall/5", self.game)
wall.wall(3712, 1664, "tiles/wall/5", self.game)
wall.wall(3712, 1792, "tiles/wall/5", self.game)
wall.wall(3456, 1920, "tiles/wall/5", self.game)
wall.wall(1280, 2048, "tiles/wall/5", self.game)
wall.wall(1408, 2048, "tiles/wall/5", self.game)
wall.wall(1536, 2048, "tiles/wall/5", self.game)
wall.wall(1664, 2048, "tiles/wall/5", self.game)
wall.wall(1792, 2048, "tiles/wall/5", self.game)
wall.wall(2304, 2048, "tiles/wall/5", self.game)
wall.wall(2816, 2048, "tiles/wall/5", self.game)
wall.wall(3200, 2048, "tiles/wall/5", self.game)
wall.wall(256, 2304, "tiles/wall/5", self.game)
wall.wall(768, 2304, "tiles/wall/5", self.game)
wall.wall(256, 2432, "tiles/wall/5", self.game)
wall.wall(768, 2432, "tiles/wall/5", self.game)
wall.wall(256, 2560, "tiles/wall/5", self.game)
wall.wall(768, 2560, "tiles/wall/5", self.game)
wall.wall(256, 2688, "tiles/wall/5", self.game)
wall.wall(768, 2688, "tiles/wall/5", self.game)
wall.wall(256, 2816, "tiles/wall/5", self.game)
wall.wall(768, 2816, "tiles/wall/5", self.game)
wall.wall(256, 2944, "tiles/wall/5", self.game)
wall.wall(256, 3072, "tiles/wall/5", self.game)
wall.wall(512, 3328, "tiles/wall/5", self.game)
wall.wall(640, 3328, "tiles/wall/5", self.game)
wall.wall(512, 3456, "tiles/wall/5", self.game)
wall.wall(640, 3456, "tiles/wall/5", self.game)
wall.wall(1024, 3456, "tiles/wall/5", self.game)
wall.wall(1152, 3456, "tiles/wall/5", self.game)
wall.wall(1024, 3584, "tiles/wall/5", self.game)
wall.wall(1152, 3584, "tiles/wall/5", self.game)
wall.wall(1664, 3712, "tiles/wall/1", self.game)
wall.wall(1792, 3712, "tiles/wall/2", self.game)
wall.wall(1920, 3712, "tiles/wall/2", self.game)
wall.wall(2048, 3712, "tiles/wall/2", self.game)
wall.wall(2176, 3712, "tiles/wall/2", self.game)
wall.wall(2304, 3712, "tiles/wall/3", self.game)
wall.wall(2816, 3712, "tiles/wall/5", self.game)
wall.wall(2944, 3712, "tiles/wall/5", self.game)
wall.wall(1664, 3840, "tiles/wall/7", self.game)
wall.wall(1792, 3840, "tiles/wall/8", self.game)
wall.wall(1920, 3840, "tiles/wall/8", self.game)
wall.wall(2048, 3840, "tiles/wall/8", self.game)
wall.wall(2176, 3840, "tiles/wall/8", self.game)
wall.wall(2304, 3840, "tiles/wall/9", self.game)
wall.wall(2816, 3840, "tiles/wall/5", self.game)
wall.wall(2944, 3840, "tiles/wall/5", self.game)
wall.wall(2816, 3968, "tiles/wall/5", self.game)
wall.wall(2944, 3968, "tiles/wall/5", self.game)
wall.wall(2816, 4096, "tiles/wall/5", self.game)
wall.wall(2944, 4096, "tiles/wall/5", self.game)
wall.wall(3328, 4352, "tiles/wall/5", self.game)
wall.wall(3456, 4352, "tiles/wall/5", self.game)
wall.wall(3328, 4480, "tiles/wall/5", self.game)
wall.wall(3456, 4480, "tiles/wall/5", self.game)
wall.wall(3328, 4608, "tiles/wall/5", self.game)
wall.wall(3456, 4608, "tiles/wall/5", self.game)
wall.wall(3328, 4736, "tiles/wall/5", self.game)
wall.wall(3456, 4736, "tiles/wall/5", self.game)
wall.wall(2048, 4864, "tiles/wall/5", self.game)
wall.wall(2176, 4864, "tiles/wall/5", self.game)
wall.wall(2816, 4864, "tiles/wall/5", self.game)
wall.wall(2944, 4864, "tiles/wall/5", self.game)
wall.wall(3072, 4864, "tiles/wall/5", self.game)
wall.wall(3200, 4864, "tiles/wall/5", self.game)
wall.wall(3328, 4864, "tiles/wall/5", self.game)
wall.wall(3456, 4864, "tiles/wall/5", self.game)
wall.wall(1408, 4992, "tiles/wall/5", self.game)
wall.wall(1536, 4992, "tiles/wall/5", self.game)
wall.wall(2048, 4992, "tiles/wall/5", self.game)
wall.wall(2176, 4992, "tiles/wall/5", self.game)
wall.wall(2816, 4992, "tiles/wall/5", self.game)
wall.wall(2944, 4992, "tiles/wall/5", self.game)
wall.wall(3072, 4992, "tiles/wall/5", self.game)
wall.wall(3200, 4992, "tiles/wall/5", self.game)
wall.wall(3328, 4992, "tiles/wall/5", self.game)
wall.wall(3456, 4992, "tiles/wall/5", self.game)
wall.wall(1408, 5120, "tiles/wall/5", self.game)
wall.wall(1536, 5120, "tiles/wall/5", self.game)
wall.wall(512, 5248, "tiles/wall/1", self.game)
wall.wall(640, 5248, "tiles/wall/2", self.game)
wall.wall(768, 5248, "tiles/wall/2", self.game)
wall.wall(896, 5248, "tiles/wall/3", self.game)
wall.wall(512, 5376, "tiles/wall/7", self.game)
wall.wall(640, 5376, "tiles/wall/8", self.game)
wall.wall(768, 5376, "tiles/wall/8", self.game)
wall.wall(896, 5376, "tiles/wall/9", self.game)
power_ups.power_mwj(2944,3584, self.game)
power_ups.power_fs(2176,4736, self.game)
enemy.enemy(1408,1920, self.game)
enemy.enemy(1792,3584, self.game)
enemy.enemy(2176,3584, self.game)
enemy.enemy(3072,4736, self.game)
win.win(1408,896, "level_3", self.game)
player.player(768,5120, self.game)
gun.gun(896,5120, self.game)
hud.hud("sounds/music/level_2.mp3", self.game)
camera.camera(640,4992,"player", 16, self.game)
@objects_end